Archive member included to satisfy reference by file (symbol)

/home/pulkit/qorc-sdk/arm_toolchain_install/gcc-arm-none-eabi-9-2020-q2-update/bin/../lib/gcc/arm-none-eabi/9.3.1/thumb/v7e-m+fp/hard/libgcc.a(_arm_muldf3.o)
                              /home/pulkit/qorc-sdk/qf_apps/Assignment6/GCC_Project/output/ql_test_signals.o (__aeabi_dmul)
/home/pulkit/qorc-sdk/arm_toolchain_install/gcc-arm-none-eabi-9-2020-q2-update/bin/../lib/gcc/arm-none-eabi/9.3.1/thumb/v7e-m+fp/hard/libgcc.a(_arm_addsubdf3.o)
                              /home/pulkit/qorc-sdk/qf_apps/Assignment6/GCC_Project/output/ql_test_signals.o (__aeabi_dadd)
/home/pulkit/qorc-sdk/arm_toolchain_install/gcc-arm-none-eabi-9-2020-q2-update/bin/../lib/gcc/arm-none-eabi/9.3.1/thumb/v7e-m+fp/hard/libgcc.a(_arm_muldivdf3.o)
                              /home/pulkit/qorc-sdk/qf_apps/Assignment6/GCC_Project/output/eoss3_hal_i2c.o (__aeabi_ddiv)
/home/pulkit/qorc-sdk/arm_toolchain_install/gcc-arm-none-eabi-9-2020-q2-update/bin/../lib/gcc/arm-none-eabi/9.3.1/thumb/v7e-m+fp/hard/libgcc.a(_arm_fixdfsi.o)
                              /home/pulkit/qorc-sdk/qf_apps/Assignment6/GCC_Project/output/ql_test_signals.o (__aeabi_d2iz)
/home/pulkit/qorc-sdk/arm_toolchain_install/gcc-arm-none-eabi-9-2020-q2-update/bin/../lib/gcc/arm-none-eabi/9.3.1/thumb/v7e-m+fp/hard/libgcc.a(_arm_truncdfsf2.o)
                              /home/pulkit/qorc-sdk/qf_apps/Assignment6/GCC_Project/output/eoss3_hal_i2c.o (__aeabi_d2f)
/home/pulkit/qorc-sdk/arm_toolchain_install/gcc-arm-none-eabi-9-2020-q2-update/bin/../lib/gcc/arm-none-eabi/9.3.1/thumb/v7e-m+fp/hard/libgcc.a(_aeabi_ldivmod.o)
                              /home/pulkit/qorc-sdk/qf_apps/Assignment6/GCC_Project/output/dbg_uart.o (__aeabi_ldivmod)
/home/pulkit/qorc-sdk/arm_toolchain_install/gcc-arm-none-eabi-9-2020-q2-update/bin/../lib/gcc/arm-none-eabi/9.3.1/thumb/v7e-m+fp/hard/libgcc.a(_aeabi_uldivmod.o)
                              /home/pulkit/qorc-sdk/qf_apps/Assignment6/GCC_Project/output/s3x_lpm.o (__aeabi_uldivmod)
/home/pulkit/qorc-sdk/arm_toolchain_install/gcc-arm-none-eabi-9-2020-q2-update/bin/../lib/gcc/arm-none-eabi/9.3.1/thumb/v7e-m+fp/hard/libgcc.a(_udivmoddi4.o)
                              /home/pulkit/qorc-sdk/arm_toolchain_install/gcc-arm-none-eabi-9-2020-q2-update/bin/../lib/gcc/arm-none-eabi/9.3.1/thumb/v7e-m+fp/hard/libgcc.a(_aeabi_ldivmod.o) (__udivmoddi4)
/home/pulkit/qorc-sdk/arm_toolchain_install/gcc-arm-none-eabi-9-2020-q2-update/bin/../lib/gcc/arm-none-eabi/9.3.1/thumb/v7e-m+fp/hard/libgcc.a(_dvmd_tls.o)
                              /home/pulkit/qorc-sdk/arm_toolchain_install/gcc-arm-none-eabi-9-2020-q2-update/bin/../lib/gcc/arm-none-eabi/9.3.1/thumb/v7e-m+fp/hard/libgcc.a(_aeabi_ldivmod.o) (__aeabi_ldiv0)
/home/pulkit/qorc-sdk/arm_toolchain_install/gcc-arm-none-eabi-9-2020-q2-update/bin/../lib/gcc/arm-none-eabi/9.3.1/../../../../arm-none-eabi/lib/thumb/v7e-m+fp/hard/libg_nano.a(lib_a-exit.o)
                              /home/pulkit/qorc-sdk/arm_toolchain_install/gcc-arm-none-eabi-9-2020-q2-update/bin/../lib/gcc/arm-none-eabi/9.3.1/../../../../arm-none-eabi/lib/thumb/v7e-m+fp/hard/crt0.o (exit)
/home/pulkit/qorc-sdk/arm_toolchain_install/gcc-arm-none-eabi-9-2020-q2-update/bin/../lib/gcc/arm-none-eabi/9.3.1/../../../../arm-none-eabi/lib/thumb/v7e-m+fp/hard/libg_nano.a(lib_a-impure.o)
                              /home/pulkit/qorc-sdk/arm_toolchain_install/gcc-arm-none-eabi-9-2020-q2-update/bin/../lib/gcc/arm-none-eabi/9.3.1/../../../../arm-none-eabi/lib/thumb/v7e-m+fp/hard/libg_nano.a(lib_a-exit.o) (_global_impure_ptr)
/home/pulkit/qorc-sdk/arm_toolchain_install/gcc-arm-none-eabi-9-2020-q2-update/bin/../lib/gcc/arm-none-eabi/9.3.1/../../../../arm-none-eabi/lib/thumb/v7e-m+fp/hard/libg_nano.a(lib_a-init.o)
                              /home/pulkit/qorc-sdk/arm_toolchain_install/gcc-arm-none-eabi-9-2020-q2-update/bin/../lib/gcc/arm-none-eabi/9.3.1/../../../../arm-none-eabi/lib/thumb/v7e-m+fp/hard/crt0.o (__libc_init_array)
/home/pulkit/qorc-sdk/arm_toolchain_install/gcc-arm-none-eabi-9-2020-q2-update/bin/../lib/gcc/arm-none-eabi/9.3.1/../../../../arm-none-eabi/lib/thumb/v7e-m+fp/hard/libg_nano.a(lib_a-malloc.o)
                              /home/pulkit/qorc-sdk/qf_apps/Assignment6/GCC_Project/output/circularBuffQueue.o (malloc)
/home/pulkit/qorc-sdk/arm_toolchain_install/gcc-arm-none-eabi-9-2020-q2-update/bin/../lib/gcc/arm-none-eabi/9.3.1/../../../../arm-none-eabi/lib/thumb/v7e-m+fp/hard/libg_nano.a(lib_a-memcpy-stub.o)
                              /home/pulkit/qorc-sdk/qf_apps/Assignment6/GCC_Project/output/cli_args.o (memcpy)
/home/pulkit/qorc-sdk/arm_toolchain_install/gcc-arm-none-eabi-9-2020-q2-update/bin/../lib/gcc/arm-none-eabi/9.3.1/../../../../arm-none-eabi/lib/thumb/v7e-m+fp/hard/libg_nano.a(lib_a-memset.o)
[...]
Memory Configuration

Name             Origin             Length             Attributes
rom              0x0000000000000000 0x0000000000027000 xr
ram              0x0000000020027000 0x000000000003c800 xrw
spiram           0x0000000020063800 0x0000000000000800 rw
HWA              0x0000000020064000 0x0000000000018000 rw
shm              0x000000002007c000 0x0000000000004000
*default*        0x0000000000000000 0xffffffffffffffff

Linker script and memory map

LOAD /home/pulkit/qorc-sdk/arm_toolchain_install/gcc-arm-none-eabi-9-2020-q2-update/bin/../lib/gcc/arm-none-eabi/9.3.1/thumb/v7e-m+fp/hard/crti.o
LOAD /home/pulkit/qorc-sdk/arm_toolchain_install/gcc-arm-none-eabi-9-2020-q2-update/bin/../lib/gcc/arm-none-eabi/9.3.1/thumb/v7e-m+fp/hard/crtbegin.o
LOAD /home/pulkit/qorc-sdk/arm_toolchain_install/gcc-arm-none-eabi-9-2020-q2-update/bin/../lib/gcc/arm-none-eabi/9.3.1/../../../../arm-none-eabi/lib/thumb/v7e-m+fp/hard/crt0.o
LOAD /home/pulkit/qorc-sdk/qf_apps/Assignment6/GCC_Project/output/battery_level_monitor.o
LOAD /home/pulkit/qorc-sdk/qf_apps/Assignment6/GCC_Project/output/c_lib_retarget.o
LOAD /home/pulkit/qorc-sdk/qf_apps/Assignment6/GCC_Project/output/circularBuffQueue.o
LOAD /home/pulkit/qorc-sdk/qf_apps/Assignment6/GCC_Project/output/cli_args.o
LOAD /home/pulkit/qorc-sdk/qf_apps/Assignment6/GCC_Project/output/cli_hexdump.o
LOAD /home/pulkit/qorc-sdk/qf_apps/Assignment6/GCC_Project/output/cli_io.o
LOAD /home/pulkit/qorc-sdk/qf_apps/Assignment6/GCC_Project/output/cli_loop.o
LOAD /home/pulkit/qorc-sdk/qf_apps/Assignment6/GCC_Project/output/cli_misc.o
LOAD /home/pulkit/qorc-sdk/qf_apps/Assignment6/GCC_Project/output/cli_platform.o
LOAD /home/pulkit/qorc-sdk/qf_apps/Assignment6/GCC_Project/output/cli_stdcmds.o
LOAD /home/pulkit/qorc-sdk/qf_apps/Assignment6/GCC_Project/output/crc16.o
LOAD /home/pulkit/qorc-sdk/qf_apps/Assignment6/GCC_Project/output/crc32.o
LOAD /home/pulkit/qorc-sdk/qf_apps/Assignment6/GCC_Project/output/croutine.o
LOAD /home/pulkit/qorc-sdk/qf_apps/Assignment6/GCC_Project/output/dbg_bufferedprinttask.o
LOAD /home/pulkit/qorc-sdk/qf_apps/Assignment6/GCC_Project/output/dbg_queue_monitor.o
LOAD /home/pulkit/qorc-sdk/qf_apps/Assignment6/GCC_Project/output/dbg_uart.o
LOAD /home/pulkit/qorc-sdk/qf_apps/Assignment6/GCC_Project/output/dbgtrace.o
LOAD /home/pulkit/qorc-sdk/qf_apps/Assignment6/GCC_Project/output/eoss3_hal_adc.o
LOAD /home/pulkit/qorc-sdk/qf_apps/Assignment6/GCC_Project/output/eoss3_hal_gpio.o
LOAD /home/pulkit/qorc-sdk/qf_apps/Assignment6/GCC_Project/output/eoss3_hal_i2c.o
LOAD /home/pulkit/qorc-sdk/qf_apps/Assignment6/GCC_Project/output/eoss3_hal_i2s.o
LOAD /home/pulkit/qorc-sdk/qf_apps/Assignment6/GCC_Project/output/eoss3_hal_i2s_slave_assp.o
LOAD /home/pulkit/qorc-sdk/qf_apps/Assignment6/GCC_Project/output/eoss3_hal_pad_config.o
LOAD /home/pulkit/qorc-sdk/qf_apps/Assignment6/GCC_Project/output/eoss3_hal_pkfb.o
LOAD /home/pulkit/qorc-sdk/qf_apps/Assignment6/GCC_Project/output/eoss3_hal_rtc.o
LOAD /home/pulkit/qorc-sdk/qf_apps/Assignment6/GCC_Project/output/eoss3_hal_sdma.o
LOAD /home/pulkit/qorc-sdk/qf_apps/Assignment6/GCC_Project/output/eoss3_hal_spi.o
LOAD /home/pulkit/qorc-sdk/qf_apps/Assignment6/GCC_Project/output/eoss3_hal_timer.o
LOAD /home/pulkit/qorc-sdk/qf_apps/Assignment6/GCC_Project/output/eoss3_hal_uart.o
LOAD /home/pulkit/qorc-sdk/qf_apps/Assignment6/GCC_Project/output/eoss3_hal_wb.o
LOAD /home/pulkit/qorc-sdk/qf_apps/Assignment6/GCC_Project/output/eoss3_hal_wdt.o
LOAD /home/pulkit/qorc-sdk/qf_apps/Assignment6/GCC_Project/output/event_groups.o
LOAD /home/pulkit/qorc-sdk/qf_apps/Assignment6/GCC_Project/output/exceptions.o
LOAD /home/pulkit/qorc-sdk/qf_apps/Assignment6/GCC_Project/output/fpga_loader.o
LOAD /home/pulkit/qorc-sdk/qf_apps/Assignment6/GCC_Project/output/freertos_static_memory.o
LOAD /home/pulkit/qorc-sdk/qf_apps/Assignment6/GCC_Project/output/heap_4.o
LOAD /home/pulkit/qorc-sdk/qf_apps/Assignment6/GCC_Project/output/hearable_pwrcfg.o
LOAD /home/pulkit/qorc-sdk/qf_apps/Assignment6/GCC_Project/output/leds.o
LOAD /home/pulkit/qorc-sdk/qf_apps/Assignment6/GCC_Project/output/list.o
LOAD /home/pulkit/qorc-sdk/qf_apps/Assignment6/GCC_Project/output/main.o
LOAD /home/pulkit/qorc-sdk/qf_apps/Assignment6/GCC_Project/output/main_dbg_cli_menu.o
LOAD /home/pulkit/qorc-sdk/qf_apps/Assignment6/GCC_Project/output/pincfg_table.o
LOAD /home/pulkit/qorc-sdk/qf_apps/Assignment6/GCC_Project/output/port.o
LOAD /home/pulkit/qorc-sdk/qf_apps/Assignment6/GCC_Project/output/qf_baremetalsetup.o
LOAD /home/pulkit/qorc-sdk/qf_apps/Assignment6/GCC_Project/output/qf_hardwaresetup.o
LOAD /home/pulkit/qorc-sdk/qf_apps/Assignment6/GCC_Project/output/ql_base64.o
LOAD /home/pulkit/qorc-sdk/qf_apps/Assignment6/GCC_Project/output/ql_stackwatermark.o
LOAD /home/pulkit/qorc-sdk/qf_apps/Assignment6/GCC_Project/output/ql_test_signals.o
LOAD /home/pulkit/qorc-sdk/qf_apps/Assignment6/GCC_Project/output/ql_time.o
LOAD /home/pulkit/qorc-sdk/qf_apps/Assignment6/GCC_Project/output/queue.o
LOAD /home/pulkit/qorc-sdk/qf_apps/Assignment6/GCC_Project/output/s3x_clock.o
LOAD /home/pulkit/qorc-sdk/qf_apps/Assignment6/GCC_Project/output/s3x_clock_hal.o
LOAD /home/pulkit/qorc-sdk/qf_apps/Assignment6/GCC_Project/output/s3x_cpuload.o
LOAD /home/pulkit/qorc-sdk/qf_apps/Assignment6/GCC_Project/output/s3x_dfs.o
LOAD /home/pulkit/qorc-sdk/qf_apps/Assignment6/GCC_Project/output/s3x_lpm.o
LOAD /home/pulkit/qorc-sdk/qf_apps/Assignment6/GCC_Project/output/s3x_pi.o
LOAD /home/pulkit/qorc-sdk/qf_apps/Assignment6/GCC_Project/output/s3x_pwrcfg.o
LOAD /home/pulkit/qorc-sdk/qf_apps/Assignment6/GCC_Project/output/s3x_qos.o
LOAD /home/pulkit/qorc-sdk/qf_apps/Assignment6/GCC_Project/output/sec_debug.o
LOAD /home/pulkit/qorc-sdk/qf_apps/Assignment6/GCC_Project/output/spi_flash.o
LOAD /home/pulkit/qorc-sdk/qf_apps/Assignment6/GCC_Project/output/startup_EOSS3B_GCC.o
LOAD /home/pulkit/qorc-sdk/qf_apps/Assignment6/GCC_Project/output/stream_buffer.o
LOAD /home/pulkit/qorc-sdk/qf_apps/Assignment6/GCC_Project/output/tasks.o
LOAD /home/pulkit/qorc-sdk/qf_apps/Assignment6/GCC_Project/output/timers.o
LOAD /home/pulkit/qorc-sdk/qf_apps/Assignment6/GCC_Project/output/vectors_CM4F_gcc.o
LOAD /home/pulkit/qorc-sdk/qf_apps/Assignment6/GCC_Project/output/watchdog.o
LOAD /home/pulkit/qorc-sdk/arm_toolchain_install/gcc-arm-none-eabi-9-2020-q2-update/bin/../lib/gcc/arm-none-eabi/9.3.1/../../../../arm-none-eabi/lib/thumb/v7e-m+fp/hard/libm.a
LOAD /home/pulkit/qorc-sdk/qf_apps/Assignment6/GCC_Project/../../../Libraries/CMSIS/lib/GCC/libarm_cortexM4lf_math.a
START GROUP
LOAD /home/pulkit/qorc-sdk/arm_toolchain_install/gcc-arm-none-eabi-9-2020-q2-update/bin/../lib/gcc/arm-none-eabi/9.3.1/thumb/v7e-m+fp/hard/libgcc.a
LOAD /home/pulkit/qorc-sdk/arm_toolchain_install/gcc-arm-none-eabi-9-2020-q2-update/bin/../lib/gcc/arm-none-eabi/9.3.1/../../../../arm-none-eabi/lib/thumb/v7e-m+fp/hard/libg_nano.a
LOAD /home/pulkit/qorc-sdk/arm_toolchain_install/gcc-arm-none-eabi-9-2020-q2-update/bin/../lib/gcc/arm-none-eabi/9.3.1/../../../../arm-none-eabi/lib/thumb/v7e-m+fp/hard/libc_nano.a
END GROUP
START GROUP
LOAD /home/pulkit/qorc-sdk/arm_toolchain_install/gcc-arm-none-eabi-9-2020-q2-update/bin/../lib/gcc/arm-none-eabi/9.3.1/thumb/v7e-m+fp/hard/libgcc.a
LOAD /home/pulkit/qorc-sdk/arm_toolchain_install/gcc-arm-none-eabi-9-2020-q2-update/bin/../lib/gcc/arm-none-eabi/9.3.1/../../../../arm-none-eabi/lib/thumb/v7e-m+fp/hard/libc_nano.a
LOAD /home/pulkit/qorc-sdk/arm_toolchain_install/gcc-arm-none-eabi-9-2020-q2-update/bin/../lib/gcc/arm-none-eabi/9.3.1/../../../../arm-none-eabi/lib/thumb/v7e-m+fp/hard/libnosys.a
END GROUP
START GROUP
LOAD /home/pulkit/qorc-sdk/arm_toolchain_install/gcc-arm-none-eabi-9-2020-q2-update/bin/../lib/gcc/arm-none-eabi/9.3.1/thumb/v7e-m+fp/hard/libgcc.a
LOAD /home/pulkit/qorc-sdk/arm_toolchain_install/gcc-arm-none-eabi-9-2020-q2-update/bin/../lib/gcc/arm-none-eabi/9.3.1/../../../../arm-none-eabi/lib/thumb/v7e-m+fp/hard/libc_nano.a
LOAD /home/pulkit/qorc-sdk/arm_toolchain_install/gcc-arm-none-eabi-9-2020-q2-update/bin/../lib/gcc/arm-none-eabi/9.3.1/../../../../arm-none-eabi/lib/thumb/v7e-m+fp/hard/libnosys.a
END GROUP
LOAD /home/pulkit/qorc-sdk/arm_toolchain_install/gcc-arm-none-eabi-9-2020-q2-update/bin/../lib/gcc/arm-none-eabi/9.3.1/thumb/v7e-m+fp/hard/crtend.o
LOAD /home/pulkit/qorc-sdk/arm_toolchain_install/gcc-arm-none-eabi-9-2020-q2-update/bin/../lib/gcc/arm-none-eabi/9.3.1/thumb/v7e-m+fp/hard/crtn.o

.text           0x0000000000000000     0x775f
 *(.isr_vector)
 .isr_vector    0x0000000000000000      0x124 /home/pulkit/qorc-sdk/qf_apps/Assignment6/GCC_Project/output/vectors_CM4F_gcc.o
                0x0000000000000000                __Vectors
 *(.text*)
 .text          0x0000000000000124       0x40 /home/pulkit/qorc-sdk/arm_toolchain_install/gcc-arm-none-eabi-9-2020-q2-update/bin/../lib/gcc/arm-none-eabi/9.3.1/thumb/v7e-m+fp/hard/crtbegin.o
 .text          0x0000000000000164       0x7c /home/pulkit/qorc-sdk/arm_toolchain_install/gcc-arm-none-eabi-9-2020-q2-update/bin/../lib/gcc/arm-none-eabi/9.3.1/../../../../arm-none-eabi/lib/thumb/v7e-m+fp/hard/crt0.o
                0x0000000000000164                _stack_init
                0x000000000000016c                _mainCRTStartup
                0x000000000000016c                _start
 .text._write   0x00000000000001e0        0xe /home/pulkit/qorc-sdk/qf_apps/Assignment6/GCC_Project/output/c_lib_retarget.o
                0x00000000000001e0                _write
 .text._close   0x00000000000001ee        0x6 /home/pulkit/qorc-sdk/qf_apps/Assignment6/GCC_Project/output/c_lib_retarget.o
                0x00000000000001ee                _close
 .text._lseek   0x00000000000001f4        0x4 /home/pulkit/qorc-sdk/qf_apps/Assignment6/GCC_Project/output/c_lib_retarget.o
                0x00000000000001f4                _lseek
 .text._read    0x00000000000001f8        0x4 /home/pulkit/qorc-sdk/qf_apps/Assignment6/GCC_Project/output/c_lib_retarget.o
                0x00000000000001f8                _read
 .text.do_str_fetch
                0x00000000000001fc       0x38 /home/pulkit/qorc-sdk/qf_apps/Assignment6/GCC_Project/output/cli_args.o
 .text.CLI_string_ptr_get_subcmd
                0x0000000000000234       0x20 /home/pulkit/qorc-sdk/qf_apps/Assignment6/GCC_Project/output/cli_args.o
                0x0000000000000234                CLI_string_ptr_get_subcmd
 .text.CLI_numX_getshow_X
                0x0000000000000254      0x188 /home/pulkit/qorc-sdk/qf_apps/Assignment6/GCC_Project/output/cli_args.o
                0x0000000000000254                CLI_numX_getshow_X
 .text.CLI_uint8_getshow
                0x00000000000003dc        0x8 /home/pulkit/qorc-sdk/qf_apps/Assignment6/GCC_Project/output/cli_args.o
                0x00000000000003dc                CLI_uint8_getshow
 .text.append_key
                0x00000000000003e4       0x30 /home/pulkit/qorc-sdk/qf_apps/Assignment6/GCC_Project/output/cli_io.o
 .text.get_key_ignore_null
                0x0000000000000414       0x18 /home/pulkit/qorc-sdk/qf_apps/Assignment6/GCC_Project/output/cli_io.o
 .text.CLI_getkey_peek
                0x000000000000042c      0x110 /home/pulkit/qorc-sdk/qf_apps/Assignment6/GCC_Project/output/cli_io.o
                0x000000000000042c                CLI_getkey_peek
 .text.CLI_getkey
                0x000000000000053c       0x30 /home/pulkit/qorc-sdk/qf_apps/Assignment6/GCC_Project/output/cli_io.o
                0x000000000000053c                CLI_getkey
 .text.CLI_col0_timestamp
                0x000000000000056c       0x78 /home/pulkit/qorc-sdk/qf_apps/Assignment6/GCC_Project/output/cli_io.o
                0x000000000000056c                CLI_col0_timestamp
 .text.CLI_putc
                0x00000000000005e4       0x4c /home/pulkit/qorc-sdk/qf_apps/Assignment6/GCC_Project/output/cli_io.o
                0x00000000000005e4                CLI_putc
 .text.CLI_puts_no_nl
                0x0000000000000630       0x12 /home/pulkit/qorc-sdk/qf_apps/Assignment6/GCC_Project/output/cli_io.o
                0x0000000000000630                CLI_puts_no_nl
 *fill*         0x0000000000000642        0x2 
 .text.CLI_vprintf
                0x0000000000000644       0x24 /home/pulkit/qorc-sdk/qf_apps/Assignment6/GCC_Project/output/cli_io.o
                0x0000000000000644                CLI_vprintf
 .text.CLI_printf
                0x0000000000000668       0x1a /home/pulkit/qorc-sdk/qf_apps/Assignment6/GCC_Project/output/cli_io.o
                0x0000000000000668                CLI_printf
 *fill*         0x0000000000000682        0x2 
 .text.handle_help
                0x0000000000000684       0xc4 /home/pulkit/qorc-sdk/qf_apps/Assignment6/GCC_Project/output/cli_loop.o
 .text.CLI_cmd_stack_replace
                0x0000000000000748       0x10 /home/pulkit/qorc-sdk/qf_apps/Assignment6/GCC_Project/output/cli_loop.o
                0x0000000000000748                CLI_cmd_stack_replace
 .text.CLI_cmd_stack_push
                0x0000000000000758       0x30 /home/pulkit/qorc-sdk/qf_apps/Assignment6/GCC_Project/output/cli_loop.o
                0x0000000000000758                CLI_cmd_stack_push
 .text.CLI_cmd_stack_clear
                0x0000000000000788       0x24 /home/pulkit/qorc-sdk/qf_apps/Assignment6/GCC_Project/output/cli_loop.o
                0x0000000000000788                CLI_cmd_stack_clear
 .text.CLI_cmd_stack_pop
                0x00000000000007ac       0x40 /home/pulkit/qorc-sdk/qf_apps/Assignment6/GCC_Project/output/cli_loop.o
                0x00000000000007ac                CLI_cmd_stack_pop
 .text.handle_exit
                0x00000000000007ec       0x1c /home/pulkit/qorc-sdk/qf_apps/Assignment6/GCC_Project/output/cli_loop.o
 .text.CLI_init
                0x0000000000000808       0x24 /home/pulkit/qorc-sdk/qf_apps/Assignment6/GCC_Project/output/cli_loop.o
                0x0000000000000808                CLI_init
 .text.CLI_print_prompt
                0x000000000000082c       0x44 /home/pulkit/qorc-sdk/qf_apps/Assignment6/GCC_Project/output/cli_loop.o
                0x000000000000082c                CLI_print_prompt
 .text.CLI_dispatch_subcmd
                0x0000000000000870       0x84 /home/pulkit/qorc-sdk/qf_apps/Assignment6/GCC_Project/output/cli_loop.o
                0x0000000000000870                CLI_dispatch_subcmd
 .text.CLI_dispatch
                0x00000000000008f4       0xc0 /home/pulkit/qorc-sdk/qf_apps/Assignment6/GCC_Project/output/cli_loop.o
 .text.CLI_submenu_handler
                0x00000000000009b4       0x30 /home/pulkit/qorc-sdk/qf_apps/Assignment6/GCC_Project/output/cli_loop.o
                0x00000000000009b4                CLI_submenu_handler
 .text.CLI_verror
                0x00000000000009e4       0x40 /home/pulkit/qorc-sdk/qf_apps/Assignment6/GCC_Project/output/cli_loop.o
                0x00000000000009e4                CLI_verror
 .text.CLI_rx_byte
                0x0000000000000a24       0xec /home/pulkit/qorc-sdk/qf_apps/Assignment6/GCC_Project/output/cli_loop.o
                0x0000000000000a24                CLI_rx_byte
 .text.CLI_is_more_args
                0x0000000000000b10       0x14 /home/pulkit/qorc-sdk/qf_apps/Assignment6/GCC_Project/output/cli_misc.o
                0x0000000000000b10                CLI_is_more_args
 .text.CLI_error
                0x0000000000000b24       0x1a /home/pulkit/qorc-sdk/qf_apps/Assignment6/GCC_Project/output/cli_misc.o
                0x0000000000000b24                CLI_error
 *fill*         0x0000000000000b3e        0x2 
 .text.CLI_error_missing_parameter
                0x0000000000000b40        0xc /home/pulkit/qorc-sdk/qf_apps/Assignment6/GCC_Project/output/cli_misc.o
                0x0000000000000b40                CLI_error_missing_parameter
 .text.CLI_error_not_a_number
                0x0000000000000b4c       0x10 /home/pulkit/qorc-sdk/qf_apps/Assignment6/GCC_Project/output/cli_misc.o
                0x0000000000000b4c                CLI_error_not_a_number
 .text.CLI_task
                0x0000000000000b5c       0x54 /home/pulkit/qorc-sdk/qf_apps/Assignment6/GCC_Project/output/cli_platform.o
                0x0000000000000b5c                CLI_task
 .text.CLI_time_now
                0x0000000000000bb0        0x4 /home/pulkit/qorc-sdk/qf_apps/Assignment6/GCC_Project/output/cli_platform.o
                0x0000000000000bb0                CLI_time_now
 .text.CLI_beep
                0x0000000000000bb4        0x6 /home/pulkit/qorc-sdk/qf_apps/Assignment6/GCC_Project/output/cli_platform.o
                0x0000000000000bb4                CLI_beep
 .text.CLI_timeout_expired
                0x0000000000000bba       0x22 /home/pulkit/qorc-sdk/qf_apps/Assignment6/GCC_Project/output/cli_platform.o
                0x0000000000000bba                CLI_timeout_expired
 .text.CLI_putc_raw
                0x0000000000000bdc        0x8 /home/pulkit/qorc-sdk/qf_apps/Assignment6/GCC_Project/output/cli_platform.o
                0x0000000000000bdc                CLI_putc_raw
 .text.CLI_getkey_raw
                0x0000000000000be4       0x3c /home/pulkit/qorc-sdk/qf_apps/Assignment6/GCC_Project/output/cli_platform.o
                0x0000000000000be4                CLI_getkey_raw
 .text.CLI_start_task
                0x0000000000000c20       0x58 /home/pulkit/qorc-sdk/qf_apps/Assignment6/GCC_Project/output/cli_platform.o
                0x0000000000000c20                CLI_start_task
 .text.__debug_lockup
                0x0000000000000c78       0x14 /home/pulkit/qorc-sdk/qf_apps/Assignment6/GCC_Project/output/dbg_uart.o
 .text._semihost_write
                0x0000000000000c8c       0x54 /home/pulkit/qorc-sdk/qf_apps/Assignment6/GCC_Project/output/dbg_uart.o
                0x0000000000000c8c                _semihost_write
 .text.dbg_ch_raw
                0x0000000000000ce0       0x74 /home/pulkit/qorc-sdk/qf_apps/Assignment6/GCC_Project/output/dbg_uart.o
                0x0000000000000ce0                dbg_ch_raw
 .text.dbg_nl   0x0000000000000d54       0x12 /home/pulkit/qorc-sdk/qf_apps/Assignment6/GCC_Project/output/dbg_uart.o
                0x0000000000000d54                dbg_nl
 .text.dbg_ch   0x0000000000000d66        0xc /home/pulkit/qorc-sdk/qf_apps/Assignment6/GCC_Project/output/dbg_uart.o
                0x0000000000000d66                dbg_ch
 .text.dbg_hex4
                0x0000000000000d72       0x14 /home/pulkit/qorc-sdk/qf_apps/Assignment6/GCC_Project/output/dbg_uart.o
 .text.dbg_hex8
                0x0000000000000d86       0x14 /home/pulkit/qorc-sdk/qf_apps/Assignment6/GCC_Project/output/dbg_uart.o
                0x0000000000000d86                dbg_hex8
 .text.dbg_hex16
                0x0000000000000d9a       0x14 /home/pulkit/qorc-sdk/qf_apps/Assignment6/GCC_Project/output/dbg_uart.o
                0x0000000000000d9a                dbg_hex16
 .text.dbg_hex32
                0x0000000000000dae       0x14 /home/pulkit/qorc-sdk/qf_apps/Assignment6/GCC_Project/output/dbg_uart.o
                0x0000000000000dae                dbg_hex32
 .text._dbg_int
                0x0000000000000dc2       0x20 /home/pulkit/qorc-sdk/qf_apps/Assignment6/GCC_Project/output/dbg_uart.o
 .text.dbg_memdumpx
                0x0000000000000de2       0xea /home/pulkit/qorc-sdk/qf_apps/Assignment6/GCC_Project/output/dbg_uart.o
 .text.dbg_str  0x0000000000000ecc       0x84 /home/pulkit/qorc-sdk/qf_apps/Assignment6/GCC_Project/output/dbg_uart.o
                0x0000000000000ecc                dbg_str
 .text._dbg_str_xxx
                0x0000000000000f50       0x16 /home/pulkit/qorc-sdk/qf_apps/Assignment6/GCC_Project/output/dbg_uart.o
 .text.dbg_str_hexXX
                0x0000000000000f66       0x22 /home/pulkit/qorc-sdk/qf_apps/Assignment6/GCC_Project/output/dbg_uart.o
 .text.dbg_int  0x0000000000000f88       0x24 /home/pulkit/qorc-sdk/qf_apps/Assignment6/GCC_Project/output/dbg_uart.o
                0x0000000000000f88                dbg_int
 .text.dbg_str_str
                0x0000000000000fac       0x16 /home/pulkit/qorc-sdk/qf_apps/Assignment6/GCC_Project/output/dbg_uart.o
                0x0000000000000fac                dbg_str_str
 .text.dbg_str_int
                0x0000000000000fc2       0x16 /home/pulkit/qorc-sdk/qf_apps/Assignment6/GCC_Project/output/dbg_uart.o
                0x0000000000000fc2                dbg_str_int
 .text.dbg_str_hex32
                0x0000000000000fd8        0xc /home/pulkit/qorc-sdk/qf_apps/Assignment6/GCC_Project/output/dbg_uart.o
                0x0000000000000fd8                dbg_str_hex32
 .text.dbg_fatal_error
                0x0000000000000fe4       0x12 /home/pulkit/qorc-sdk/qf_apps/Assignment6/GCC_Project/output/dbg_uart.o
                0x0000000000000fe4                dbg_fatal_error
 .text.dbg_fatal_error_int
                0x0000000000000ff6        0xe /home/pulkit/qorc-sdk/qf_apps/Assignment6/GCC_Project/output/dbg_uart.o
                0x0000000000000ff6                dbg_fatal_error_int
 .text.dbg_memdump32
                0x0000000000001004       0x1e /home/pulkit/qorc-sdk/qf_apps/Assignment6/GCC_Project/output/dbg_uart.o
                0x0000000000001004                dbg_memdump32
 *fill*         0x0000000000001022        0x2 
 .text.HAL_PAD_Config
                0x0000000000001024      0x190 /home/pulkit/qorc-sdk/qf_apps/Assignment6/GCC_Project/output/eoss3_hal_pad_config.o
                0x0000000000001024                HAL_PAD_Config
 .text.configure_s3_pads
                0x00000000000011b4       0x1a /home/pulkit/qorc-sdk/qf_apps/Assignment6/GCC_Project/output/eoss3_hal_pad_config.o
                0x00000000000011b4                configure_s3_pads
 *fill*         0x00000000000011ce        0x2 
 .text.eoss3_rtc_enable_irq
                0x00000000000011d0       0x28 /home/pulkit/qorc-sdk/qf_apps/Assignment6/GCC_Project/output/eoss3_hal_rtc.o
 .text.write_rtc_reg
                0x00000000000011f8       0x18 /home/pulkit/qorc-sdk/qf_apps/Assignment6/GCC_Project/output/eoss3_hal_rtc.o
 .text.__rtc_setup_alarm.isra.0
                0x0000000000001210       0x44 /home/pulkit/qorc-sdk/qf_apps/Assignment6/GCC_Project/output/eoss3_hal_rtc.o
 .text.HAL_RTC_ISR
                0x0000000000001254       0x24 /home/pulkit/qorc-sdk/qf_apps/Assignment6/GCC_Project/output/eoss3_hal_rtc.o
                0x0000000000001254                HAL_RTC_ISR
 .text.unlock_spi1_bus
                0x0000000000001278       0x58 /home/pulkit/qorc-sdk/qf_apps/Assignment6/GCC_Project/output/eoss3_hal_spi.o
                0x0000000000001278                unlock_spi1_bus
 .text.SPI_DMA_Complete
                0x00000000000012d0       0x88 /home/pulkit/qorc-sdk/qf_apps/Assignment6/GCC_Project/output/eoss3_hal_spi.o
                0x00000000000012d0                SPI_DMA_Complete
 .text.HAL_SPI_IRQHandler
                0x0000000000001358       0x6c /home/pulkit/qorc-sdk/qf_apps/Assignment6/GCC_Project/output/eoss3_hal_spi.o
                0x0000000000001358                HAL_SPI_IRQHandler
 .text.HAL_Delay_Init
                0x00000000000013c4       0x54 /home/pulkit/qorc-sdk/qf_apps/Assignment6/GCC_Project/output/eoss3_hal_timer.o
                0x00000000000013c4                HAL_Delay_Init
 .text.HAL_Timer_ISR
                0x0000000000001418       0x88 /home/pulkit/qorc-sdk/qf_apps/Assignment6/GCC_Project/output/eoss3_hal_timer.o
                0x0000000000001418                HAL_Timer_ISR
 .text.uart_disable_irqs
                0x00000000000014a0       0x18 /home/pulkit/qorc-sdk/qf_apps/Assignment6/GCC_Project/output/eoss3_hal_uart.o
 .text.uart_baud_rate
                0x00000000000014b8       0x60 /home/pulkit/qorc-sdk/qf_apps/Assignment6/GCC_Project/output/eoss3_hal_uart.o
 .text.is_hw_uart_enabled
                0x0000000000001518       0x20 /home/pulkit/qorc-sdk/qf_apps/Assignment6/GCC_Project/output/eoss3_hal_uart.o
 .text.uart_lpm_callback
                0x0000000000001538       0x74 /home/pulkit/qorc-sdk/qf_apps/Assignment6/GCC_Project/output/eoss3_hal_uart.o
 .text.uart_init
                0x00000000000015ac      0x164 /home/pulkit/qorc-sdk/qf_apps/Assignment6/GCC_Project/output/eoss3_hal_uart.o
                0x00000000000015ac                uart_init
 .text.uart_isr_handler
                0x0000000000001710       0x90 /home/pulkit/qorc-sdk/qf_apps/Assignment6/GCC_Project/output/eoss3_hal_uart.o
                0x0000000000001710                uart_isr_handler
 .text.uart_tx_raw
                0x00000000000017a0       0x38 /home/pulkit/qorc-sdk/qf_apps/Assignment6/GCC_Project/output/eoss3_hal_uart.o
                0x00000000000017a0                uart_tx_raw
 .text.uart_tx  0x00000000000017d8       0x1c /home/pulkit/qorc-sdk/qf_apps/Assignment6/GCC_Project/output/eoss3_hal_uart.o
                0x00000000000017d8                uart_tx
 .text.uart_tx_buf
                0x00000000000017f4       0x1a /home/pulkit/qorc-sdk/qf_apps/Assignment6/GCC_Project/output/eoss3_hal_uart.o
                0x00000000000017f4                uart_tx_buf
 *fill*         0x000000000000180e        0x2 
 .text.uart_rx_wait
                0x0000000000001810       0x34 /home/pulkit/qorc-sdk/qf_apps/Assignment6/GCC_Project/output/eoss3_hal_uart.o
                0x0000000000001810                uart_rx_wait
 .text.uart_rx_available
                0x0000000000001844       0x34 /home/pulkit/qorc-sdk/qf_apps/Assignment6/GCC_Project/output/eoss3_hal_uart.o
                0x0000000000001844                uart_rx_available
 .text.uart_rx  0x0000000000001878       0x60 /home/pulkit/qorc-sdk/qf_apps/Assignment6/GCC_Project/output/eoss3_hal_uart.o
                0x0000000000001878                uart_rx
 .text.WDT_ISR  0x00000000000018d8       0x8c /home/pulkit/qorc-sdk/qf_apps/Assignment6/GCC_Project/output/eoss3_hal_wdt.o
                0x00000000000018d8                WDT_ISR
 .text.spurious_interrupt
                0x0000000000001964        0xc /home/pulkit/qorc-sdk/qf_apps/Assignment6/GCC_Project/output/exceptions.o
 .text.prvGetRegistersFromStack
                0x0000000000001970       0xf0 /home/pulkit/qorc-sdk/qf_apps/Assignment6/GCC_Project/output/exceptions.o
                0x0000000000001970                prvGetRegistersFromStack
 .text.HardFault_Handler
                0x0000000000001a60       0x16 /home/pulkit/qorc-sdk/qf_apps/Assignment6/GCC_Project/output/exceptions.o
                0x0000000000001a60                HardFault_Handler
 .text.NMI_Handler
                0x0000000000001a76        0x6 /home/pulkit/qorc-sdk/qf_apps/Assignment6/GCC_Project/output/exceptions.o
                0x0000000000001a76                NMI_Handler
 .text.MemManage_Handler
                0x0000000000001a7c        0x6 /home/pulkit/qorc-sdk/qf_apps/Assignment6/GCC_Project/output/exceptions.o
                0x0000000000001a7c                MemManage_Handler
 .text.BusFault_Handler
                0x0000000000001a82        0x6 /home/pulkit/qorc-sdk/qf_apps/Assignment6/GCC_Project/output/exceptions.o
                0x0000000000001a82                BusFault_Handler
 .text.UsageFault_Handler
                0x0000000000001a88        0x6 /home/pulkit/qorc-sdk/qf_apps/Assignment6/GCC_Project/output/exceptions.o
                0x0000000000001a88                UsageFault_Handler
 .text.DebugMon_Handler
                0x0000000000001a8e        0x6 /home/pulkit/qorc-sdk/qf_apps/Assignment6/GCC_Project/output/exceptions.o
                0x0000000000001a8e                DebugMon_Handler
 .text.Uart_Handler
                0x0000000000001a94       0x50 /home/pulkit/qorc-sdk/qf_apps/Assignment6/GCC_Project/output/exceptions.o
                0x0000000000001a94                Uart_Handler
 .text.Timer_Handler
                0x0000000000001ae4       0x24 /home/pulkit/qorc-sdk/qf_apps/Assignment6/GCC_Project/output/exceptions.o
                0x0000000000001ae4                Timer_Handler
 .text.CpuWdtInt_Handler
                0x0000000000001b08       0x24 /home/pulkit/qorc-sdk/qf_apps/Assignment6/GCC_Project/output/exceptions.o
                0x0000000000001b08                CpuWdtInt_Handler
 .text.CpuWdtRst_Handler
                0x0000000000001b2c        0x6 /home/pulkit/qorc-sdk/qf_apps/Assignment6/GCC_Project/output/exceptions.o
                0x0000000000001b2c                CpuWdtRst_Handler
 .text.BusTimeout_Handler
                0x0000000000001b32        0x6 /home/pulkit/qorc-sdk/qf_apps/Assignment6/GCC_Project/output/exceptions.o
                0x0000000000001b32                BusTimeout_Handler
 .text.Fpu_Handler
                0x0000000000001b38        0x6 /home/pulkit/qorc-sdk/qf_apps/Assignment6/GCC_Project/output/exceptions.o
                0x0000000000001b38                Fpu_Handler
 *fill*         0x0000000000001b3e        0x2 
 .text.Pkfb_Handler
                0x0000000000001b40       0x10 /home/pulkit/qorc-sdk/qf_apps/Assignment6/GCC_Project/output/exceptions.o
                0x0000000000001b40                Pkfb_Handler
 .text.I2s_Handler
                0x0000000000001b50        0x6 /home/pulkit/qorc-sdk/qf_apps/Assignment6/GCC_Project/output/exceptions.o
                0x0000000000001b50                I2s_Handler
 .text.Audio_Handler
                0x0000000000001b56        0x6 /home/pulkit/qorc-sdk/qf_apps/Assignment6/GCC_Project/output/exceptions.o
                0x0000000000001b56                Audio_Handler
 .text.SpiMs_Handler
                0x0000000000001b5c       0x5c /home/pulkit/qorc-sdk/qf_apps/Assignment6/GCC_Project/output/exceptions.o
                0x0000000000001b5c                SpiMs_Handler
 .text.CfgDma_Handler
                0x0000000000001bb8       0x28 /home/pulkit/qorc-sdk/qf_apps/Assignment6/GCC_Project/output/exceptions.o
                0x0000000000001bb8                CfgDma_Handler
 .text.PmuTimer_Handler
                0x0000000000001be0        0x2 /home/pulkit/qorc-sdk/qf_apps/Assignment6/GCC_Project/output/exceptions.o
                0x0000000000001be0                PmuTimer_Handler
 .text.AdcDone_Handler
                0x0000000000001be2        0x8 /home/pulkit/qorc-sdk/qf_apps/Assignment6/GCC_Project/output/exceptions.o
                0x0000000000001be2                AdcDone_Handler
 *fill*         0x0000000000001bea        0x2 
 .text.RtcAlarm_Handler
                0x0000000000001bec       0x1c /home/pulkit/qorc-sdk/qf_apps/Assignment6/GCC_Project/output/exceptions.o
                0x0000000000001bec                RtcAlarm_Handler
 .text.ResetInt_Handler
                0x0000000000001c08        0x8 /home/pulkit/qorc-sdk/qf_apps/Assignment6/GCC_Project/output/exceptions.o
                0x0000000000001c08                ResetInt_Handler
 .text.Ffe0_Handler
                0x0000000000001c10       0x18 /home/pulkit/qorc-sdk/qf_apps/Assignment6/GCC_Project/output/exceptions.o
                0x0000000000001c10                Ffe0_Handler
 .text.FbMsg_Handler
                0x0000000000001c28       0x6c /home/pulkit/qorc-sdk/qf_apps/Assignment6/GCC_Project/output/exceptions.o
                0x0000000000001c28                FbMsg_Handler
 .text.SensorGpio_Handler
                0x0000000000001c94        0x8 /home/pulkit/qorc-sdk/qf_apps/Assignment6/GCC_Project/output/exceptions.o
                0x0000000000001c94                SensorGpio_Handler
 .text.M4SramSleep_Handler
                0x0000000000001c9c        0x8 /home/pulkit/qorc-sdk/qf_apps/Assignment6/GCC_Project/output/exceptions.o
                0x0000000000001c9c                M4SramSleep_Handler
 .text.LDO30_PG_Handler
                0x0000000000001ca4        0x8 /home/pulkit/qorc-sdk/qf_apps/Assignment6/GCC_Project/output/exceptions.o
                0x0000000000001ca4                LDO30_PG_Handler
 .text.LDO50_PG_Handler
                0x0000000000001cac        0x8 /home/pulkit/qorc-sdk/qf_apps/Assignment6/GCC_Project/output/exceptions.o
                0x0000000000001cac                LDO50_PG_Handler
 .text.DMIC_Voice_Det_Handler
                0x0000000000001cb4        0x8 /home/pulkit/qorc-sdk/qf_apps/Assignment6/GCC_Project/output/exceptions.o
                0x0000000000001cb4                DMIC_Voice_Det_Handler
 .text.ApPDMClkOn_Handler
                0x0000000000001cbc        0x8 /home/pulkit/qorc-sdk/qf_apps/Assignment6/GCC_Project/output/exceptions.o
                0x0000000000001cbc                ApPDMClkOn_Handler
 .text.ApPDMClkOff_Handler
                0x0000000000001cc4        0x8 /home/pulkit/qorc-sdk/qf_apps/Assignment6/GCC_Project/output/exceptions.o
                0x0000000000001cc4                ApPDMClkOff_Handler
 .text.Dmac0BlkDone_Handler
                0x0000000000001ccc        0x8 /home/pulkit/qorc-sdk/qf_apps/Assignment6/GCC_Project/output/exceptions.o
                0x0000000000001ccc                Dmac0BlkDone_Handler
 .text.Dmac0BufDone_Handler
                0x0000000000001cd4        0x8 /home/pulkit/qorc-sdk/qf_apps/Assignment6/GCC_Project/output/exceptions.o
                0x0000000000001cd4                Dmac0BufDone_Handler
 .text.Dmac1BlkDone_Handler
                0x0000000000001cdc        0x8 /home/pulkit/qorc-sdk/qf_apps/Assignment6/GCC_Project/output/exceptions.o
                0x0000000000001cdc                Dmac1BlkDone_Handler
 .text.Dmac1BufDone_Handler
                0x0000000000001ce4        0x8 /home/pulkit/qorc-sdk/qf_apps/Assignment6/GCC_Project/output/exceptions.o
                0x0000000000001ce4                Dmac1BufDone_Handler
 .text.Sdma0Done_Handler
                0x0000000000001cec        0x8 /home/pulkit/qorc-sdk/qf_apps/Assignment6/GCC_Project/output/exceptions.o
                0x0000000000001cec                Sdma0Done_Handler
 .text.Sdma1Done_Handler
                0x0000000000001cf4        0x8 /home/pulkit/qorc-sdk/qf_apps/Assignment6/GCC_Project/output/exceptions.o
                0x0000000000001cf4                Sdma1Done_Handler
 .text.Sdma2Done_Handler
                0x0000000000001cfc        0x8 /home/pulkit/qorc-sdk/qf_apps/Assignment6/GCC_Project/output/exceptions.o
                0x0000000000001cfc                Sdma2Done_Handler
 .text.Sdma3Done_Handler
                0x0000000000001d04        0x8 /home/pulkit/qorc-sdk/qf_apps/Assignment6/GCC_Project/output/exceptions.o
                0x0000000000001d04                Sdma3Done_Handler
 .text.Sdma4Done_Handler
                0x0000000000001d0c        0x8 /home/pulkit/qorc-sdk/qf_apps/Assignment6/GCC_Project/output/exceptions.o
                0x0000000000001d0c                Sdma4Done_Handler
 .text.Sdma5Done_Handler
                0x0000000000001d14        0x8 /home/pulkit/qorc-sdk/qf_apps/Assignment6/GCC_Project/output/exceptions.o
                0x0000000000001d14                Sdma5Done_Handler
 .text.Sdma6Done_Handler
                0x0000000000001d1c        0x8 /home/pulkit/qorc-sdk/qf_apps/Assignment6/GCC_Project/output/exceptions.o
                0x0000000000001d1c                Sdma6Done_Handler
 .text.Sdma7Done_Handler
                0x0000000000001d24        0x8 /home/pulkit/qorc-sdk/qf_apps/Assignment6/GCC_Project/output/exceptions.o
                0x0000000000001d24                Sdma7Done_Handler
 .text.Sdma8Done_Handler
                0x0000000000001d2c        0x8 /home/pulkit/qorc-sdk/qf_apps/Assignment6/GCC_Project/output/exceptions.o
                0x0000000000001d2c                Sdma8Done_Handler
 .text.Sdma9Done_Handler
                0x0000000000001d34        0x8 /home/pulkit/qorc-sdk/qf_apps/Assignment6/GCC_Project/output/exceptions.o
                0x0000000000001d34                Sdma9Done_Handler
 .text.Sdma10Done_Handler
                0x0000000000001d3c        0x8 /home/pulkit/qorc-sdk/qf_apps/Assignment6/GCC_Project/output/exceptions.o
                0x0000000000001d3c                Sdma10Done_Handler
 .text.Sdma11Done_Handler
                0x0000000000001d44        0x8 /home/pulkit/qorc-sdk/qf_apps/Assignment6/GCC_Project/output/exceptions.o
                0x0000000000001d44                Sdma11Done_Handler
 .text.SdmaErr_Handler
                0x0000000000001d4c        0x8 /home/pulkit/qorc-sdk/qf_apps/Assignment6/GCC_Project/output/exceptions.o
                0x0000000000001d4c                SdmaErr_Handler
 .text.I2S_SlvM4TxOr_Handler
                0x0000000000001d54        0x8 /home/pulkit/qorc-sdk/qf_apps/Assignment6/GCC_Project/output/exceptions.o
                0x0000000000001d54                I2S_SlvM4TxOr_Handler
 .text.SRAM_128KB_Handler
                0x0000000000001d5c        0x8 /home/pulkit/qorc-sdk/qf_apps/Assignment6/GCC_Project/output/exceptions.o
                0x0000000000001d5c                SRAM_128KB_Handler
 .text.LPSD_Voice_Det_Handler
                0x0000000000001d64        0x8 /home/pulkit/qorc-sdk/qf_apps/Assignment6/GCC_Project/output/exceptions.o
                0x0000000000001d64                LPSD_Voice_Det_Handler
 .text.FfeWdt_Handler
                0x0000000000001d6c        0x8 /home/pulkit/qorc-sdk/qf_apps/Assignment6/GCC_Project/output/exceptions.o
                0x0000000000001d6c                FfeWdt_Handler
 .text.ApBoot_Handler
                0x0000000000001d74        0x8 /home/pulkit/qorc-sdk/qf_apps/Assignment6/GCC_Project/output/exceptions.o
                0x0000000000001d74                ApBoot_Handler
 .text.SwInt2_Handler
                0x0000000000001d7c        0x8 /home/pulkit/qorc-sdk/qf_apps/Assignment6/GCC_Project/output/exceptions.o
                0x0000000000001d7c                SwInt2_Handler
 .text.SwInt1_Handler
                0x0000000000001d84       0x24 /home/pulkit/qorc-sdk/qf_apps/Assignment6/GCC_Project/output/exceptions.o
                0x0000000000001d84                SwInt1_Handler
 .text.Ffe0Msg_Handler
                0x0000000000001da8        0x8 /home/pulkit/qorc-sdk/qf_apps/Assignment6/GCC_Project/output/exceptions.o
                0x0000000000001da8                Ffe0Msg_Handler
 .text.lpsdVoiceOffHandler
                0x0000000000001db0        0x8 /home/pulkit/qorc-sdk/qf_apps/Assignment6/GCC_Project/output/exceptions.o
                0x0000000000001db0                lpsdVoiceOffHandler
 .text.dmicVoiceOffHandler
                0x0000000000001db8        0x8 /home/pulkit/qorc-sdk/qf_apps/Assignment6/GCC_Project/output/exceptions.o
                0x0000000000001db8                dmicVoiceOffHandler
 .text.vApplicationMallocFailedHook
                0x0000000000001dc0       0x24 /home/pulkit/qorc-sdk/qf_apps/Assignment6/GCC_Project/output/exceptions.o
                0x0000000000001dc0                vApplicationMallocFailedHook
 .text.vApplicationStackOverflowHook
                0x0000000000001de4       0x24 /home/pulkit/qorc-sdk/qf_apps/Assignment6/GCC_Project/output/exceptions.o
                0x0000000000001de4                vApplicationStackOverflowHook
 .text.vApplicationTickHook
                0x0000000000001e08        0x2 /home/pulkit/qorc-sdk/qf_apps/Assignment6/GCC_Project/output/exceptions.o
                0x0000000000001e08                vApplicationTickHook
 *fill*         0x0000000000001e0a        0x2 
 .text.prvInsertBlockIntoFreeList
                0x0000000000001e0c       0x74 /home/pulkit/qorc-sdk/qf_apps/Assignment6/GCC_Project/output/heap_4.o
 .text.pvPortMalloc
                0x0000000000001e80      0x198 /home/pulkit/qorc-sdk/qf_apps/Assignment6/GCC_Project/output/heap_4.o
                0x0000000000001e80                pvPortMalloc
 .text.vPortFree
                0x0000000000002018       0xa0 /home/pulkit/qorc-sdk/qf_apps/Assignment6/GCC_Project/output/heap_4.o
                0x0000000000002018                vPortFree
 .text.vListInitialise
                0x00000000000020b8       0x16 /home/pulkit/qorc-sdk/qf_apps/Assignment6/GCC_Project/output/list.o
                0x00000000000020b8                vListInitialise
 .text.vListInitialiseItem
                0x00000000000020ce        0x6 /home/pulkit/qorc-sdk/qf_apps/Assignment6/GCC_Project/output/list.o
                0x00000000000020ce                vListInitialiseItem
 .text.vListInsertEnd
                0x00000000000020d4       0x18 /home/pulkit/qorc-sdk/qf_apps/Assignment6/GCC_Project/output/list.o
                0x00000000000020d4                vListInsertEnd
 .text.vListInsert
                0x00000000000020ec       0x2e /home/pulkit/qorc-sdk/qf_apps/Assignment6/GCC_Project/output/list.o
                0x00000000000020ec                vListInsert
 .text.uxListRemove
                0x000000000000211a       0x20 /home/pulkit/qorc-sdk/qf_apps/Assignment6/GCC_Project/output/list.o
                0x000000000000211a                uxListRemove
 .text.SystemInit
                0x000000000000213a        0x2 /home/pulkit/qorc-sdk/qf_apps/Assignment6/GCC_Project/output/main.o
                0x000000000000213a                SystemInit
 .text.PyHal_GPIO_Set
                0x000000000000213c       0x34 /home/pulkit/qorc-sdk/qf_apps/Assignment6/GCC_Project/output/main.o
                0x000000000000213c                PyHal_GPIO_Set
 .text.startup.main
                0x0000000000002170       0xcc /home/pulkit/qorc-sdk/qf_apps/Assignment6/GCC_Project/output/main.o
                0x0000000000002170                main
 .text.set_gpio_input
                0x000000000000223c       0x34 /home/pulkit/qorc-sdk/qf_apps/Assignment6/GCC_Project/output/main_dbg_cli_menu.o
 .text.set_gpio_output
                0x0000000000002270       0x60 /home/pulkit/qorc-sdk/qf_apps/Assignment6/GCC_Project/output/main_dbg_cli_menu.o
 .text.get_gpio_value
                0x00000000000022d0       0x50 /home/pulkit/qorc-sdk/qf_apps/Assignment6/GCC_Project/output/main_dbg_cli_menu.o
 .text.prvTaskExitError
                0x0000000000002320       0x50 /home/pulkit/qorc-sdk/qf_apps/Assignment6/GCC_Project/output/port.o
 .text.pxPortInitialiseStack
                0x0000000000002370       0x2c /home/pulkit/qorc-sdk/qf_apps/Assignment6/GCC_Project/output/port.o
                0x0000000000002370                pxPortInitialiseStack
 *fill*         0x000000000000239c        0x4 
 .text.SVC_Handler
                0x00000000000023a0       0x24 /home/pulkit/qorc-sdk/qf_apps/Assignment6/GCC_Project/output/port.o
                0x00000000000023a0                SVC_Handler
 .text.vPortEnterCritical
                0x00000000000023c4       0x58 /home/pulkit/qorc-sdk/qf_apps/Assignment6/GCC_Project/output/port.o
                0x00000000000023c4                vPortEnterCritical
 .text.vPortExitCritical
                0x000000000000241c       0x3c /home/pulkit/qorc-sdk/qf_apps/Assignment6/GCC_Project/output/port.o
                0x000000000000241c                vPortExitCritical
 *fill*         0x0000000000002458        0x8 
 .text.PendSV_Handler
                0x0000000000002460       0x64 /home/pulkit/qorc-sdk/qf_apps/Assignment6/GCC_Project/output/port.o
                0x0000000000002460                PendSV_Handler
 .text.xPortSysTickHandler
                0x00000000000024c4       0x2c /home/pulkit/qorc-sdk/qf_apps/Assignment6/GCC_Project/output/port.o
                0x00000000000024c4                xPortSysTickHandler
 .text.vPortValidateInterruptPriority
                0x00000000000024f0       0x7c /home/pulkit/qorc-sdk/qf_apps/Assignment6/GCC_Project/output/port.o
                0x00000000000024f0                vPortValidateInterruptPriority
 .text.system_init
                0x000000000000256c       0x6c /home/pulkit/qorc-sdk/qf_apps/Assignment6/GCC_Project/output/qf_hardwaresetup.o
                0x000000000000256c                system_init
 .text.qf_hardwareSetup
                0x00000000000025d8       0x78 /home/pulkit/qorc-sdk/qf_apps/Assignment6/GCC_Project/output/qf_hardwaresetup.o
                0x00000000000025d8                qf_hardwareSetup
 .text.prvIsQueueEmpty
                0x0000000000002650       0x16 /home/pulkit/qorc-sdk/qf_apps/Assignment6/GCC_Project/output/queue.o
 .text.prvCopyDataToQueue
                0x0000000000002666       0x78 /home/pulkit/qorc-sdk/qf_apps/Assignment6/GCC_Project/output/queue.o
 .text.prvCopyDataFromQueue
                0x00000000000026de       0x2c /home/pulkit/qorc-sdk/qf_apps/Assignment6/GCC_Project/output/queue.o
 .text.prvUnlockQueue
                0x000000000000270a       0x70 /home/pulkit/qorc-sdk/qf_apps/Assignment6/GCC_Project/output/queue.o
 *fill*         0x000000000000277a        0x2 
 .text.xQueueGenericReset
                0x000000000000277c       0x90 /home/pulkit/qorc-sdk/qf_apps/Assignment6/GCC_Project/output/queue.o
                0x000000000000277c                xQueueGenericReset
 .text.xQueueGenericCreate
                0x000000000000280c       0x74 /home/pulkit/qorc-sdk/qf_apps/Assignment6/GCC_Project/output/queue.o
                0x000000000000280c                xQueueGenericCreate
 .text.xQueueGenericSend
                0x0000000000002880      0x19c /home/pulkit/qorc-sdk/qf_apps/Assignment6/GCC_Project/output/queue.o
                0x0000000000002880                xQueueGenericSend
 .text.xQueueGenericSendFromISR
                0x0000000000002a1c       0xf0 /home/pulkit/qorc-sdk/qf_apps/Assignment6/GCC_Project/output/queue.o
                0x0000000000002a1c                xQueueGenericSendFromISR
 .text.xQueueGenericSendFromISRDebug
                0x0000000000002b0c       0x30 /home/pulkit/qorc-sdk/qf_apps/Assignment6/GCC_Project/output/queue.o
                0x0000000000002b0c                xQueueGenericSendFromISRDebug
 .text.xQueueGiveFromISR
                0x0000000000002b3c       0xdc /home/pulkit/qorc-sdk/qf_apps/Assignment6/GCC_Project/output/queue.o
                0x0000000000002b3c                xQueueGiveFromISR
 .text.xQueueReceive
                0x0000000000002c18      0x160 /home/pulkit/qorc-sdk/qf_apps/Assignment6/GCC_Project/output/queue.o
                0x0000000000002c18                xQueueReceive
 .text.xQueueSemaphoreTake
                0x0000000000002d78      0x1b0 /home/pulkit/qorc-sdk/qf_apps/Assignment6/GCC_Project/output/queue.o
                0x0000000000002d78                xQueueSemaphoreTake
 .text.xQueuePeek
                0x0000000000002f28      0x160 /home/pulkit/qorc-sdk/qf_apps/Assignment6/GCC_Project/output/queue.o
                0x0000000000002f28                xQueuePeek
 .text.uxQueueMessagesWaiting
                0x0000000000003088       0x3c /home/pulkit/qorc-sdk/qf_apps/Assignment6/GCC_Project/output/queue.o
                0x0000000000003088                uxQueueMessagesWaiting
 .text.vQueueAddToRegistry
                0x00000000000030c4       0x24 /home/pulkit/qorc-sdk/qf_apps/Assignment6/GCC_Project/output/queue.o
                0x00000000000030c4                vQueueAddToRegistry
 .text.s3x_clkd_write_div
                0x00000000000030e8       0xa8 /home/pulkit/qorc-sdk/qf_apps/Assignment6/GCC_Project/output/s3x_clock.o
 .text.s3x_clkd_read_div
                0x0000000000003190       0x44 /home/pulkit/qorc-sdk/qf_apps/Assignment6/GCC_Project/output/s3x_clock.o
 .text.s3x_clkd_cal_div.part.0
                0x00000000000031d4       0x30 /home/pulkit/qorc-sdk/qf_apps/Assignment6/GCC_Project/output/s3x_clock.o
 .text.S3x_Id_To_Domain
                0x0000000000003204       0x1c /home/pulkit/qorc-sdk/qf_apps/Assignment6/GCC_Project/output/s3x_clock.o
                0x0000000000003204                S3x_Id_To_Domain
 .text.s3x_clkd_update_div_val
                0x0000000000003220       0x4c /home/pulkit/qorc-sdk/qf_apps/Assignment6/GCC_Project/output/s3x_clock.o
                0x0000000000003220                s3x_clkd_update_div_val
 .text.s3x_clkd_update_fd_rate
                0x000000000000326c        0xe /home/pulkit/qorc-sdk/qf_apps/Assignment6/GCC_Project/output/s3x_clock.o
                0x000000000000326c                s3x_clkd_update_fd_rate
 *fill*         0x000000000000327a        0x2 
 .text.s3x_clkd_update_sd_div
                0x000000000000327c       0x5c /home/pulkit/qorc-sdk/qf_apps/Assignment6/GCC_Project/output/s3x_clock.o
 .text.s3x_clkd_update_all_src_div
                0x00000000000032d8       0xcc /home/pulkit/qorc-sdk/qf_apps/Assignment6/GCC_Project/output/s3x_clock.o
                0x00000000000032d8                s3x_clkd_update_all_src_div
 .text.S3x_Clkd_Get_Hsosc_Rate
                0x00000000000033a4       0x34 /home/pulkit/qorc-sdk/qf_apps/Assignment6/GCC_Project/output/s3x_clock.o
                0x00000000000033a4                S3x_Clkd_Get_Hsosc_Rate
 .text.S3x_Clkd_Change_Hsosc
                0x00000000000033d8       0x70 /home/pulkit/qorc-sdk/qf_apps/Assignment6/GCC_Project/output/s3x_clock.o
                0x00000000000033d8                S3x_Clkd_Change_Hsosc
 .text.s3x_clkd_get_src_rate
                0x0000000000003448       0x12 /home/pulkit/qorc-sdk/qf_apps/Assignment6/GCC_Project/output/s3x_clock.o
                0x0000000000003448                s3x_clkd_get_src_rate
 *fill*         0x000000000000345a        0x2 
 .text.s3x_clkd_get_div
                0x000000000000345c       0x74 /home/pulkit/qorc-sdk/qf_apps/Assignment6/GCC_Project/output/s3x_clock.o
                0x000000000000345c                s3x_clkd_get_div
 .text.s3x_clkd_srate
                0x00000000000034d0      0x158 /home/pulkit/qorc-sdk/qf_apps/Assignment6/GCC_Project/output/s3x_clock.o
 .text.s3x_clkd_grate
                0x0000000000003628       0x8c /home/pulkit/qorc-sdk/qf_apps/Assignment6/GCC_Project/output/s3x_clock.o
 .text.s3x_clkd_set_src_div_st
                0x00000000000036b4       0x4c /home/pulkit/qorc-sdk/qf_apps/Assignment6/GCC_Project/output/s3x_clock.o
 .text.s3x_update_clk_rate
                0x0000000000003700       0xb0 /home/pulkit/qorc-sdk/qf_apps/Assignment6/GCC_Project/output/s3x_clock.o
                0x0000000000003700                s3x_update_clk_rate
 .text.s3x_clkd_get_gate_mask_st
                0x00000000000037b0       0x16 /home/pulkit/qorc-sdk/qf_apps/Assignment6/GCC_Project/output/s3x_clock.o
                0x00000000000037b0                s3x_clkd_get_gate_mask_st
 *fill*         0x00000000000037c6        0x2 
 .text.s3x_clkd_set_gate_mask
                0x00000000000037c8       0x50 /home/pulkit/qorc-sdk/qf_apps/Assignment6/GCC_Project/output/s3x_clock.o
                0x00000000000037c8                s3x_clkd_set_gate_mask
 .text.s3x_clkd_enable_gate
                0x0000000000003818       0x68 /home/pulkit/qorc-sdk/qf_apps/Assignment6/GCC_Project/output/s3x_clock.o
 .text.s3x_clkd_disable_gate
                0x0000000000003880       0x54 /home/pulkit/qorc-sdk/qf_apps/Assignment6/GCC_Project/output/s3x_clock.o
 .text._S3x_Clk_Enable
                0x00000000000038d4       0xb8 /home/pulkit/qorc-sdk/qf_apps/Assignment6/GCC_Project/output/s3x_clock.o
                0x00000000000038d4                _S3x_Clk_Enable
 .text._S3x_Clk_Disable
                0x000000000000398c       0xc8 /home/pulkit/qorc-sdk/qf_apps/Assignment6/GCC_Project/output/s3x_clock.o
                0x000000000000398c                _S3x_Clk_Disable
 .text._S3x_Clk_Get_Status
                0x0000000000003a54       0x2c /home/pulkit/qorc-sdk/qf_apps/Assignment6/GCC_Project/output/s3x_clock.o
                0x0000000000003a54                _S3x_Clk_Get_Status
 .text._S3x_Clk_Get_Rate
                0x0000000000003a80       0x28 /home/pulkit/qorc-sdk/qf_apps/Assignment6/GCC_Project/output/s3x_clock.o
                0x0000000000003a80                _S3x_Clk_Get_Rate
 .text.S3x_Clk_Init
                0x0000000000003aa8      0x15c /home/pulkit/qorc-sdk/qf_apps/Assignment6/GCC_Project/output/s3x_clock.o
                0x0000000000003aa8                S3x_Clk_Init
 .text.S3x_Clk_Enable
                0x0000000000003c04        0x4 /home/pulkit/qorc-sdk/qf_apps/Assignment6/GCC_Project/output/s3x_clock_hal.o
                0x0000000000003c04                S3x_Clk_Enable
 .text.S3x_Clk_Disable
                0x0000000000003c08        0x4 /home/pulkit/qorc-sdk/qf_apps/Assignment6/GCC_Project/output/s3x_clock_hal.o
                0x0000000000003c08                S3x_Clk_Disable
 .text.S3x_Clk_Get_Rate
                0x0000000000003c0c        0x4 /home/pulkit/qorc-sdk/qf_apps/Assignment6/GCC_Project/output/s3x_clock_hal.o
                0x0000000000003c0c                S3x_Clk_Get_Rate
 .text.DFS_cpuload
                0x0000000000003c10       0x4c /home/pulkit/qorc-sdk/qf_apps/Assignment6/GCC_Project/output/s3x_cpuload.o
                0x0000000000003c10                DFS_cpuload
 .text.DFS_resetsleepticks
                0x0000000000003c5c        0xc /home/pulkit/qorc-sdk/qf_apps/Assignment6/GCC_Project/output/s3x_cpuload.o
                0x0000000000003c5c                DFS_resetsleepticks
 .text.DFS_UpdateTimer
                0x0000000000003c68       0x5c /home/pulkit/qorc-sdk/qf_apps/Assignment6/GCC_Project/output/s3x_dfs.o
 .text.DFS_StartTimer
                0x0000000000003cc4       0x88 /home/pulkit/qorc-sdk/qf_apps/Assignment6/GCC_Project/output/s3x_dfs.o
                0x0000000000003cc4                DFS_StartTimer
 .text.S3x_Set_Policy
                0x0000000000003d4c       0xf8 /home/pulkit/qorc-sdk/qf_apps/Assignment6/GCC_Project/output/s3x_dfs.o
                0x0000000000003d4c                S3x_Set_Policy
 .text.S3x_get_max_rate_dfs_node
                0x0000000000003e44       0x28 /home/pulkit/qorc-sdk/qf_apps/Assignment6/GCC_Project/output/s3x_dfs.o
                0x0000000000003e44                S3x_get_max_rate_dfs_node
 .text.S3x_Stepup_Policy
                0x0000000000003e6c       0x7c /home/pulkit/qorc-sdk/qf_apps/Assignment6/GCC_Project/output/s3x_dfs.o
 .text.DFS_TimerCB
                0x0000000000003ee8        0xe /home/pulkit/qorc-sdk/qf_apps/Assignment6/GCC_Project/output/s3x_dfs.o
 *fill*         0x0000000000003ef6        0x2 
 .text.DFS_Get_Curr_Policy
                0x0000000000003ef8        0xc /home/pulkit/qorc-sdk/qf_apps/Assignment6/GCC_Project/output/s3x_dfs.o
                0x0000000000003ef8                DFS_Get_Curr_Policy
 .text.DFS_Initialize
                0x0000000000003f04       0x14 /home/pulkit/qorc-sdk/qf_apps/Assignment6/GCC_Project/output/s3x_dfs.o
                0x0000000000003f04                DFS_Initialize
 .text.S3x_Register_Lpm_Cb
                0x0000000000003f18       0x40 /home/pulkit/qorc-sdk/qf_apps/Assignment6/GCC_Project/output/s3x_lpm.o
                0x0000000000003f18                S3x_Register_Lpm_Cb
 .text.s3x_setup_systick_interrupt
                0x0000000000003f58       0x54 /home/pulkit/qorc-sdk/qf_apps/Assignment6/GCC_Project/output/s3x_lpm.o
                0x0000000000003f58                s3x_setup_systick_interrupt
 .text.SysTick_Handler
                0x0000000000003fac       0x12 /home/pulkit/qorc-sdk/qf_apps/Assignment6/GCC_Project/output/s3x_lpm.o
                0x0000000000003fac                SysTick_Handler
 *fill*         0x0000000000003fbe        0x2 
 .text.s3x_get_pi
                0x0000000000003fc0       0x20 /home/pulkit/qorc-sdk/qf_apps/Assignment6/GCC_Project/output/s3x_pi.o
                0x0000000000003fc0                s3x_get_pi
 .text.s3x_get_pi_gindex
                0x0000000000003fe0       0x14 /home/pulkit/qorc-sdk/qf_apps/Assignment6/GCC_Project/output/s3x_pi.o
                0x0000000000003fe0                s3x_get_pi_gindex
 .text.s3x_pi_get_st
                0x0000000000003ff4       0x24 /home/pulkit/qorc-sdk/qf_apps/Assignment6/GCC_Project/output/s3x_pi.o
                0x0000000000003ff4                s3x_pi_get_st
 .text.s3x_pi_set_cfg_st
                0x0000000000004018       0x94 /home/pulkit/qorc-sdk/qf_apps/Assignment6/GCC_Project/output/s3x_pi.o
                0x0000000000004018                s3x_pi_set_cfg_st
 .text.s3x_pi_set_active_st
                0x00000000000040ac       0xa8 /home/pulkit/qorc-sdk/qf_apps/Assignment6/GCC_Project/output/s3x_pi.o
                0x00000000000040ac                s3x_pi_set_active_st
 .text.s3x_pi_get_clkg_st
                0x0000000000004154       0x36 /home/pulkit/qorc-sdk/qf_apps/Assignment6/GCC_Project/output/s3x_pi.o
                0x0000000000004154                s3x_pi_get_clkg_st
 .text.s3x_pi_set_clkg_st
                0x000000000000418a       0x26 /home/pulkit/qorc-sdk/qf_apps/Assignment6/GCC_Project/output/s3x_pi.o
                0x000000000000418a                s3x_pi_set_clkg_st
 .text.s3x_set_pi_state
                0x00000000000041b0        0xc /home/pulkit/qorc-sdk/qf_apps/Assignment6/GCC_Project/output/s3x_pi.o
                0x00000000000041b0                s3x_set_pi_state
 .text.s3x_get_pi_init_state
                0x00000000000041bc       0x18 /home/pulkit/qorc-sdk/qf_apps/Assignment6/GCC_Project/output/s3x_pi.o
                0x00000000000041bc                s3x_get_pi_init_state
 .text.S3x_pi_init
                0x00000000000041d4       0x20 /home/pulkit/qorc-sdk/qf_apps/Assignment6/GCC_Project/output/s3x_pi.o
                0x00000000000041d4                S3x_pi_init
 .text.S3x_pwrcfg_init
                0x00000000000041f4       0x2c /home/pulkit/qorc-sdk/qf_apps/Assignment6/GCC_Project/output/s3x_pwrcfg.o
                0x00000000000041f4                S3x_pwrcfg_init
 .text.S3x_get_qos_rate
                0x0000000000004220       0x38 /home/pulkit/qorc-sdk/qf_apps/Assignment6/GCC_Project/output/s3x_qos.o
                0x0000000000004220                S3x_get_qos_rate
 .text.save_assert_info
                0x0000000000004258       0x74 /home/pulkit/qorc-sdk/qf_apps/Assignment6/GCC_Project/output/sec_debug.o
                0x0000000000004258                save_assert_info
 .text.invoke_soft_fault
                0x00000000000042cc       0x20 /home/pulkit/qorc-sdk/qf_apps/Assignment6/GCC_Project/output/sec_debug.o
                0x00000000000042cc                invoke_soft_fault
 .text.Reset_Handler
                0x00000000000042ec       0x2c /home/pulkit/qorc-sdk/qf_apps/Assignment6/GCC_Project/output/startup_EOSS3B_GCC.o
                0x00000000000042ec                Reset_Handler
 .text.__semihost_call
                0x0000000000004318        0x6 /home/pulkit/qorc-sdk/qf_apps/Assignment6/GCC_Project/output/startup_EOSS3B_GCC.o
                0x0000000000004318                __semihost_call
 *fill*         0x000000000000431e        0x2 
 .text.prvResetNextTaskUnblockTime
                0x0000000000004320       0x24 /home/pulkit/qorc-sdk/qf_apps/Assignment6/GCC_Project/output/tasks.o
 .text.prvAddCurrentTaskToDelayedList
                0x0000000000004344       0x8c /home/pulkit/qorc-sdk/qf_apps/Assignment6/GCC_Project/output/tasks.o
 .text.xTaskCreate
                0x00000000000043d0      0x1e0 /home/pulkit/qorc-sdk/qf_apps/Assignment6/GCC_Project/output/tasks.o
                0x00000000000043d0                xTaskCreate
 .text.vTaskSuspendAll
                0x00000000000045b0       0x10 /home/pulkit/qorc-sdk/qf_apps/Assignment6/GCC_Project/output/tasks.o
                0x00000000000045b0                vTaskSuspendAll
 .text.xTaskGetTickCount
                0x00000000000045c0        0xc /home/pulkit/qorc-sdk/qf_apps/Assignment6/GCC_Project/output/tasks.o
                0x00000000000045c0                xTaskGetTickCount
 .text.xTaskIncrementTick
                0x00000000000045cc      0x14c /home/pulkit/qorc-sdk/qf_apps/Assignment6/GCC_Project/output/tasks.o
                0x00000000000045cc                xTaskIncrementTick
 .text.xTaskResumeAll
                0x0000000000004718      0x100 /home/pulkit/qorc-sdk/qf_apps/Assignment6/GCC_Project/output/tasks.o
                0x0000000000004718                xTaskResumeAll
 .text.vTaskDelay
                0x0000000000004818       0x60 /home/pulkit/qorc-sdk/qf_apps/Assignment6/GCC_Project/output/tasks.o
                0x0000000000004818                vTaskDelay
 .text.vTaskSwitchContext
                0x0000000000004878       0xb8 /home/pulkit/qorc-sdk/qf_apps/Assignment6/GCC_Project/output/tasks.o
                0x0000000000004878                vTaskSwitchContext
 .text.vTaskPlaceOnEventList
                0x0000000000004930       0x48 /home/pulkit/qorc-sdk/qf_apps/Assignment6/GCC_Project/output/tasks.o
                0x0000000000004930                vTaskPlaceOnEventList
 .text.xTaskRemoveFromEventList
                0x0000000000004978       0x9c /home/pulkit/qorc-sdk/qf_apps/Assignment6/GCC_Project/output/tasks.o
                0x0000000000004978                xTaskRemoveFromEventList
 .text.vTaskInternalSetTimeOutState
                0x0000000000004a14       0x18 /home/pulkit/qorc-sdk/qf_apps/Assignment6/GCC_Project/output/tasks.o
                0x0000000000004a14                vTaskInternalSetTimeOutState
 .text.xTaskCheckForTimeOut
                0x0000000000004a2c       0x94 /home/pulkit/qorc-sdk/qf_apps/Assignment6/GCC_Project/output/tasks.o
                0x0000000000004a2c                xTaskCheckForTimeOut
 .text.vTaskMissedYield
                0x0000000000004ac0        0xc /home/pulkit/qorc-sdk/qf_apps/Assignment6/GCC_Project/output/tasks.o
                0x0000000000004ac0                vTaskMissedYield
 .text.uxTaskGetTCBNumber
                0x0000000000004acc       0x14 /home/pulkit/qorc-sdk/qf_apps/Assignment6/GCC_Project/output/tasks.o
                0x0000000000004acc                uxTaskGetTCBNumber
 .text.xTaskGetCurrentTaskHandle
                0x0000000000004ae0        0xc /home/pulkit/qorc-sdk/qf_apps/Assignment6/GCC_Project/output/tasks.o
                0x0000000000004ae0                xTaskGetCurrentTaskHandle
 .text.xTaskGetSchedulerState
                0x0000000000004aec       0x20 /home/pulkit/qorc-sdk/qf_apps/Assignment6/GCC_Project/output/tasks.o
                0x0000000000004aec                xTaskGetSchedulerState
 .text.xTaskPriorityInherit
                0x0000000000004b0c       0xa8 /home/pulkit/qorc-sdk/qf_apps/Assignment6/GCC_Project/output/tasks.o
                0x0000000000004b0c                xTaskPriorityInherit
 .text.xTaskPriorityDisinherit
                0x0000000000004bb4       0xc4 /home/pulkit/qorc-sdk/qf_apps/Assignment6/GCC_Project/output/tasks.o
                0x0000000000004bb4                xTaskPriorityDisinherit
 .text.vTaskPriorityDisinheritAfterTimeout
                0x0000000000004c78       0xd8 /home/pulkit/qorc-sdk/qf_apps/Assignment6/GCC_Project/output/tasks.o
                0x0000000000004c78                vTaskPriorityDisinheritAfterTimeout
 .text.pvTaskIncrementMutexHeldCount
                0x0000000000004d50       0x18 /home/pulkit/qorc-sdk/qf_apps/Assignment6/GCC_Project/output/tasks.o
                0x0000000000004d50                pvTaskIncrementMutexHeldCount
 .text.prvCheckForValidListAndQueue
                0x0000000000004d68       0x58 /home/pulkit/qorc-sdk/qf_apps/Assignment6/GCC_Project/output/timers.o
 .text.xTimerCreate
                0x0000000000004dc0       0x58 /home/pulkit/qorc-sdk/qf_apps/Assignment6/GCC_Project/output/timers.o
                0x0000000000004dc0                xTimerCreate
 .text.xTimerGenericCommand
                0x0000000000004e18       0x70 /home/pulkit/qorc-sdk/qf_apps/Assignment6/GCC_Project/output/timers.o
                0x0000000000004e18                xTimerGenericCommand
 .text          0x0000000000004e88       0x30 /home/pulkit/qorc-sdk/arm_toolchain_install/gcc-arm-none-eabi-9-2020-q2-update/bin/../lib/gcc/arm-none-eabi/9.3.1/thumb/v7e-m+fp/hard/libgcc.a(_aeabi_uldivmod.o)
                0x0000000000004e88                __aeabi_uldivmod
 .text          0x0000000000004eb8      0x2c4 /home/pulkit/qorc-sdk/arm_toolchain_install/gcc-arm-none-eabi-9-2020-q2-update/bin/../lib/gcc/arm-none-eabi/9.3.1/thumb/v7e-m+fp/hard/libgcc.a(_udivmoddi4.o)
                0x0000000000004eb8                __udivmoddi4
 .text          0x000000000000517c        0x4 /home/pulkit/qorc-sdk/arm_toolchain_install/gcc-arm-none-eabi-9-2020-q2-update/bin/../lib/gcc/arm-none-eabi/9.3.1/thumb/v7e-m+fp/hard/libgcc.a(_dvmd_tls.o)
                0x000000000000517c                __aeabi_ldiv0
                0x000000000000517c                __aeabi_idiv0
 .text.exit     0x0000000000005180       0x28 /home/pulkit/qorc-sdk/arm_toolchain_install/gcc-arm-none-eabi-9-2020-q2-update/bin/../lib/gcc/arm-none-eabi/9.3.1/../../../../arm-none-eabi/lib/thumb/v7e-m+fp/hard/libg_nano.a(lib_a-exit.o)
                0x0000000000005180                exit
 .text.__libc_init_array
                0x00000000000051a8       0x48 /home/pulkit/qorc-sdk/arm_toolchain_install/gcc-arm-none-eabi-9-2020-q2-update/bin/../lib/gcc/arm-none-eabi/9.3.1/../../../../arm-none-eabi/lib/thumb/v7e-m+fp/hard/libg_nano.a(lib_a-init.o)
                0x00000000000051a8                __libc_init_array
 .text.memcpy   0x00000000000051f0       0x1c /home/pulkit/qorc-sdk/arm_toolchain_install/gcc-arm-none-eabi-9-2020-q2-update/bin/../lib/gcc/arm-none-eabi/9.3.1/../../../../arm-none-eabi/lib/thumb/v7e-m+fp/hard/libg_nano.a(lib_a-memcpy-stub.o)
                0x00000000000051f0                memcpy
 .text.memset   0x000000000000520c       0x10 /home/pulkit/qorc-sdk/arm_toolchain_install/gcc-arm-none-eabi-9-2020-q2-update/bin/../lib/gcc/arm-none-eabi/9.3.1/../../../../arm-none-eabi/lib/thumb/v7e-m+fp/hard/libg_nano.a(lib_a-memset.o)
                0x000000000000520c                memset
 .text._free_r  0x000000000000521c       0xa0 /home/pulkit/qorc-sdk/arm_toolchain_install/gcc-arm-none-eabi-9-2020-q2-update/bin/../lib/gcc/arm-none-eabi/9.3.1/../../../../arm-none-eabi/lib/thumb/v7e-m+fp/hard/libg_nano.a(lib_a-nano-freer.o)
                0x000000000000521c                _free_r
 .text._malloc_r
                0x00000000000052bc       0xb4 /home/pulkit/qorc-sdk/arm_toolchain_install/gcc-arm-none-eabi-9-2020-q2-update/bin/../lib/gcc/arm-none-eabi/9.3.1/../../../../arm-none-eabi/lib/thumb/v7e-m+fp/hard/libg_nano.a(lib_a-nano-mallocr.o)
                0x00000000000052bc                _malloc_r
 .text.printf   0x0000000000005370       0x30 /home/pulkit/qorc-sdk/arm_toolchain_install/gcc-arm-none-eabi-9-2020-q2-update/bin/../lib/gcc/arm-none-eabi/9.3.1/../../../../arm-none-eabi/lib/thumb/v7e-m+fp/hard/libg_nano.a(lib_a-printf.o)
                0x0000000000005370                printf
                0x0000000000005370                iprintf
 .text._puts_r  0x00000000000053a0       0xdc /home/pulkit/qorc-sdk/arm_toolchain_install/gcc-arm-none-eabi-9-2020-q2-update/bin/../lib/gcc/arm-none-eabi/9.3.1/../../../../arm-none-eabi/lib/thumb/v7e-m+fp/hard/libg_nano.a(lib_a-puts.o)
                0x00000000000053a0                _puts_r
 .text.puts     0x000000000000547c       0x10 /home/pulkit/qorc-sdk/arm_toolchain_install/gcc-arm-none-eabi-9-2020-q2-update/bin/../lib/gcc/arm-none-eabi/9.3.1/../../../../arm-none-eabi/lib/thumb/v7e-m+fp/hard/libg_nano.a(lib_a-puts.o)
                0x000000000000547c                puts
 .text._sbrk_r  0x000000000000548c       0x20 /home/pulkit/qorc-sdk/arm_toolchain_install/gcc-arm-none-eabi-9-2020-q2-update/bin/../lib/gcc/arm-none-eabi/9.3.1/../../../../arm-none-eabi/lib/thumb/v7e-m+fp/hard/libg_nano.a(lib_a-sbrkr.o)
                0x000000000000548c                _sbrk_r
 .text          0x00000000000054ac       0x1c /home/pulkit/qorc-sdk/arm_toolchain_install/gcc-arm-none-eabi-9-2020-q2-update/bin/../lib/gcc/arm-none-eabi/9.3.1/../../../../arm-none-eabi/lib/thumb/v7e-m+fp/hard/libg_nano.a(lib_a-setjmp.o)
                0x00000000000054ac                setjmp
                0x00000000000054b8                longjmp
 .text.snprintf
                0x00000000000054c8       0x68 /home/pulkit/qorc-sdk/arm_toolchain_install/gcc-arm-none-eabi-9-2020-q2-update/bin/../lib/gcc/arm-none-eabi/9.3.1/../../../../arm-none-eabi/lib/thumb/v7e-m+fp/hard/libg_nano.a(lib_a-snprintf.o)
                0x00000000000054c8                snprintf
                0x00000000000054c8                sniprintf
 .text.sprintf  0x0000000000005530       0x40 /home/pulkit/qorc-sdk/arm_toolchain_install/gcc-arm-none-eabi-9-2020-q2-update/bin/../lib/gcc/arm-none-eabi/9.3.1/../../../../arm-none-eabi/lib/thumb/v7e-m+fp/hard/libg_nano.a(lib_a-sprintf.o)
                0x0000000000005530                sprintf
                0x0000000000005530                siprintf
 .text.strchr   0x0000000000005570       0x1a /home/pulkit/qorc-sdk/arm_toolchain_install/gcc-arm-none-eabi-9-2020-q2-update/bin/../lib/gcc/arm-none-eabi/9.3.1/../../../../arm-none-eabi/lib/thumb/v7e-m+fp/hard/libg_nano.a(lib_a-strchr.o)
                0x0000000000005570                strchr
 .text          0x000000000000558a       0x14 /home/pulkit/qorc-sdk/arm_toolchain_install/gcc-arm-none-eabi-9-2020-q2-update/bin/../lib/gcc/arm-none-eabi/9.3.1/../../../../arm-none-eabi/lib/thumb/v7e-m+fp/hard/libg_nano.a(lib_a-strcmp.o)
                0x000000000000558a                strcmp
 .text.strcpy   0x000000000000559e       0x10 /home/pulkit/qorc-sdk/arm_toolchain_install/gcc-arm-none-eabi-9-2020-q2-update/bin/../lib/gcc/arm-none-eabi/9.3.1/../../../../arm-none-eabi/lib/thumb/v7e-m+fp/hard/libg_nano.a(lib_a-strcpy.o)
                0x000000000000559e                strcpy
 .text          0x00000000000055ae       0x10 /home/pulkit/qorc-sdk/arm_toolchain_install/gcc-arm-none-eabi-9-2020-q2-update/bin/../lib/gcc/arm-none-eabi/9.3.1/../../../../arm-none-eabi/lib/thumb/v7e-m+fp/hard/libg_nano.a(lib_a-strlen.o)
                0x00000000000055ae                strlen
 .text.strncpy  0x00000000000055be       0x26 /home/pulkit/qorc-sdk/arm_toolchain_install/gcc-arm-none-eabi-9-2020-q2-update/bin/../lib/gcc/arm-none-eabi/9.3.1/../../../../arm-none-eabi/lib/thumb/v7e-m+fp/hard/libg_nano.a(lib_a-strncpy.o)
                0x00000000000055be                strncpy
 .text.strrchr  0x00000000000055e4       0x28 /home/pulkit/qorc-sdk/arm_toolchain_install/gcc-arm-none-eabi-9-2020-q2-update/bin/../lib/gcc/arm-none-eabi/9.3.1/../../../../arm-none-eabi/lib/thumb/v7e-m+fp/hard/libg_nano.a(lib_a-strrchr.o)
                0x00000000000055e4                strrchr
 .text.__strtok_r
                0x000000000000560c       0x50 /home/pulkit/qorc-sdk/arm_toolchain_install/gcc-arm-none-eabi-9-2020-q2-update/bin/../lib/gcc/arm-none-eabi/9.3.1/../../../../arm-none-eabi/lib/thumb/v7e-m+fp/hard/libg_nano.a(lib_a-strtok_r.o)
                0x000000000000560c                __strtok_r
 .text.strtok_r
                0x000000000000565c        0x6 /home/pulkit/qorc-sdk/arm_toolchain_install/gcc-arm-none-eabi-9-2020-q2-update/bin/../lib/gcc/arm-none-eabi/9.3.1/../../../../arm-none-eabi/lib/thumb/v7e-m+fp/hard/libg_nano.a(lib_a-strtok_r.o)
                0x000000000000565c                strtok_r
 *fill*         0x0000000000005662        0x2 
 .text._strtoll_l.isra.0
                0x0000000000005664      0x12c /home/pulkit/qorc-sdk/arm_toolchain_install/gcc-arm-none-eabi-9-2020-q2-update/bin/../lib/gcc/arm-none-eabi/9.3.1/../../../../arm-none-eabi/lib/thumb/v7e-m+fp/hard/libg_nano.a(lib_a-strtoll.o)
 .text.strtoll  0x0000000000005790       0x14 /home/pulkit/qorc-sdk/arm_toolchain_install/gcc-arm-none-eabi-9-2020-q2-update/bin/../lib/gcc/arm-none-eabi/9.3.1/../../../../arm-none-eabi/lib/thumb/v7e-m+fp/hard/libg_nano.a(lib_a-strtoll.o)
                0x0000000000005790                strtoll
 .text._strtoull_l.isra.0
                0x00000000000057a4      0x134 /home/pulkit/qorc-sdk/arm_toolchain_install/gcc-arm-none-eabi-9-2020-q2-update/bin/../lib/gcc/arm-none-eabi/9.3.1/../../../../arm-none-eabi/lib/thumb/v7e-m+fp/hard/libg_nano.a(lib_a-strtoull.o)
 .text.strtoull
                0x00000000000058d8       0x14 /home/pulkit/qorc-sdk/arm_toolchain_install/gcc-arm-none-eabi-9-2020-q2-update/bin/../lib/gcc/arm-none-eabi/9.3.1/../../../../arm-none-eabi/lib/thumb/v7e-m+fp/hard/libg_nano.a(lib_a-strtoull.o)
                0x00000000000058d8                strtoull
 .text._vsnprintf_r
                0x00000000000058ec       0x58 /home/pulkit/qorc-sdk/arm_toolchain_install/gcc-arm-none-eabi-9-2020-q2-update/bin/../lib/gcc/arm-none-eabi/9.3.1/../../../../arm-none-eabi/lib/thumb/v7e-m+fp/hard/libg_nano.a(lib_a-vsnprintf.o)
                0x00000000000058ec                _vsnprintf_r
                0x00000000000058ec                _vsniprintf_r
 .text.vsnprintf
                0x0000000000005944       0x1c /home/pulkit/qorc-sdk/arm_toolchain_install/gcc-arm-none-eabi-9-2020-q2-update/bin/../lib/gcc/arm-none-eabi/9.3.1/../../../../arm-none-eabi/lib/thumb/v7e-m+fp/hard/libg_nano.a(lib_a-vsnprintf.o)
                0x0000000000005944                vsnprintf
                0x0000000000005944                vsniprintf
 .text.__swbuf_r
                0x0000000000005960       0xa4 /home/pulkit/qorc-sdk/arm_toolchain_install/gcc-arm-none-eabi-9-2020-q2-update/bin/../lib/gcc/arm-none-eabi/9.3.1/../../../../arm-none-eabi/lib/thumb/v7e-m+fp/hard/libg_nano.a(lib_a-wbuf.o)
                0x0000000000005960                __swbuf_r
 .text.__swsetup_r
                0x0000000000005a04       0xdc /home/pulkit/qorc-sdk/arm_toolchain_install/gcc-arm-none-eabi-9-2020-q2-update/bin/../lib/gcc/arm-none-eabi/9.3.1/../../../../arm-none-eabi/lib/thumb/v7e-m+fp/hard/libg_nano.a(lib_a-wsetup.o)
                0x0000000000005a04                __swsetup_r
 .text.__sflush_r
                0x0000000000005ae0      0x10c /home/pulkit/qorc-sdk/arm_toolchain_install/gcc-arm-none-eabi-9-2020-q2-update/bin/../lib/gcc/arm-none-eabi/9.3.1/../../../../arm-none-eabi/lib/thumb/v7e-m+fp/hard/libg_nano.a(lib_a-fflush.o)
                0x0000000000005ae0                __sflush_r
 .text._fflush_r
                0x0000000000005bec       0x78 /home/pulkit/qorc-sdk/arm_toolchain_install/gcc-arm-none-eabi-9-2020-q2-update/bin/../lib/gcc/arm-none-eabi/9.3.1/../../../../arm-none-eabi/lib/thumb/v7e-m+fp/hard/libg_nano.a(lib_a-fflush.o)
                0x0000000000005bec                _fflush_r
 .text.std      0x0000000000005c64       0x48 /home/pulkit/qorc-sdk/arm_toolchain_install/gcc-arm-none-eabi-9-2020-q2-update/bin/../lib/gcc/arm-none-eabi/9.3.1/../../../../arm-none-eabi/lib/thumb/v7e-m+fp/hard/libg_nano.a(lib_a-findfp.o)
 .text._cleanup_r
                0x0000000000005cac        0xc /home/pulkit/qorc-sdk/arm_toolchain_install/gcc-arm-none-eabi-9-2020-q2-update/bin/../lib/gcc/arm-none-eabi/9.3.1/../../../../arm-none-eabi/lib/thumb/v7e-m+fp/hard/libg_nano.a(lib_a-findfp.o)
                0x0000000000005cac                _cleanup_r
 .text.__sfmoreglue
                0x0000000000005cb8       0x2c /home/pulkit/qorc-sdk/arm_toolchain_install/gcc-arm-none-eabi-9-2020-q2-update/bin/../lib/gcc/arm-none-eabi/9.3.1/../../../../arm-none-eabi/lib/thumb/v7e-m+fp/hard/libg_nano.a(lib_a-findfp.o)
                0x0000000000005cb8                __sfmoreglue
 .text.__sfp_lock_acquire
                0x0000000000005ce4        0xc /home/pulkit/qorc-sdk/arm_toolchain_install/gcc-arm-none-eabi-9-2020-q2-update/bin/../lib/gcc/arm-none-eabi/9.3.1/../../../../arm-none-eabi/lib/thumb/v7e-m+fp/hard/libg_nano.a(lib_a-findfp.o)
                0x0000000000005ce4                __sfp_lock_acquire
 .text.__sfp_lock_release
                0x0000000000005cf0        0xc /home/pulkit/qorc-sdk/arm_toolchain_install/gcc-arm-none-eabi-9-2020-q2-update/bin/../lib/gcc/arm-none-eabi/9.3.1/../../../../arm-none-eabi/lib/thumb/v7e-m+fp/hard/libg_nano.a(lib_a-findfp.o)
                0x0000000000005cf0                __sfp_lock_release
 .text.__sinit_lock_acquire
                0x0000000000005cfc        0xc /home/pulkit/qorc-sdk/arm_toolchain_install/gcc-arm-none-eabi-9-2020-q2-update/bin/../lib/gcc/arm-none-eabi/9.3.1/../../../../arm-none-eabi/lib/thumb/v7e-m+fp/hard/libg_nano.a(lib_a-findfp.o)
                0x0000000000005cfc                __sinit_lock_acquire
 .text.__sinit_lock_release
                0x0000000000005d08        0xc /home/pulkit/qorc-sdk/arm_toolchain_install/gcc-arm-none-eabi-9-2020-q2-update/bin/../lib/gcc/arm-none-eabi/9.3.1/../../../../arm-none-eabi/lib/thumb/v7e-m+fp/hard/libg_nano.a(lib_a-findfp.o)
                0x0000000000005d08                __sinit_lock_release
 .text.__sinit  0x0000000000005d14       0x70 /home/pulkit/qorc-sdk/arm_toolchain_install/gcc-arm-none-eabi-9-2020-q2-update/bin/../lib/gcc/arm-none-eabi/9.3.1/../../../../arm-none-eabi/lib/thumb/v7e-m+fp/hard/libg_nano.a(lib_a-findfp.o)
                0x0000000000005d14                __sinit
 .text.__sfp    0x0000000000005d84       0x8c /home/pulkit/qorc-sdk/arm_toolchain_install/gcc-arm-none-eabi-9-2020-q2-update/bin/../lib/gcc/arm-none-eabi/9.3.1/../../../../arm-none-eabi/lib/thumb/v7e-m+fp/hard/libg_nano.a(lib_a-findfp.o)
                0x0000000000005d84                __sfp
 .text._fwalk_reent
                0x0000000000005e10       0x3e /home/pulkit/qorc-sdk/arm_toolchain_install/gcc-arm-none-eabi-9-2020-q2-update/bin/../lib/gcc/arm-none-eabi/9.3.1/../../../../arm-none-eabi/lib/thumb/v7e-m+fp/hard/libg_nano.a(lib_a-fwalk.o)
                0x0000000000005e10                _fwalk_reent
 .text.__retarget_lock_init_recursive
                0x0000000000005e4e        0x2 /home/pulkit/qorc-sdk/arm_toolchain_install/gcc-arm-none-eabi-9-2020-q2-update/bin/../lib/gcc/arm-none-eabi/9.3.1/../../../../arm-none-eabi/lib/thumb/v7e-m+fp/hard/libg_nano.a(lib_a-lock.o)
                0x0000000000005e4e                __retarget_lock_init_recursive
 .text.__retarget_lock_acquire_recursive
                0x0000000000005e50        0x2 /home/pulkit/qorc-sdk/arm_toolchain_install/gcc-arm-none-eabi-9-2020-q2-update/bin/../lib/gcc/arm-none-eabi/9.3.1/../../../../arm-none-eabi/lib/thumb/v7e-m+fp/hard/libg_nano.a(lib_a-lock.o)
                0x0000000000005e50                __retarget_lock_acquire_recursive
 .text.__retarget_lock_release_recursive
                0x0000000000005e52        0x2 /home/pulkit/qorc-sdk/arm_toolchain_install/gcc-arm-none-eabi-9-2020-q2-update/bin/../lib/gcc/arm-none-eabi/9.3.1/../../../../arm-none-eabi/lib/thumb/v7e-m+fp/hard/libg_nano.a(lib_a-lock.o)
                0x0000000000005e52                __retarget_lock_release_recursive
 .text.__swhatbuf_r
                0x0000000000005e54       0x48 /home/pulkit/qorc-sdk/arm_toolchain_install/gcc-arm-none-eabi-9-2020-q2-update/bin/../lib/gcc/arm-none-eabi/9.3.1/../../../../arm-none-eabi/lib/thumb/v7e-m+fp/hard/libg_nano.a(lib_a-makebuf.o)
                0x0000000000005e54                __swhatbuf_r
 .text.__smakebuf_r
                0x0000000000005e9c       0x80 /home/pulkit/qorc-sdk/arm_toolchain_install/gcc-arm-none-eabi-9-2020-q2-update/bin/../lib/gcc/arm-none-eabi/9.3.1/../../../../arm-none-eabi/lib/thumb/v7e-m+fp/hard/libg_nano.a(lib_a-makebuf.o)
                0x0000000000005e9c                __smakebuf_r
 .text.__malloc_lock
                0x0000000000005f1c        0xc /home/pulkit/qorc-sdk/arm_toolchain_install/gcc-arm-none-eabi-9-2020-q2-update/bin/../lib/gcc/arm-none-eabi/9.3.1/../../../../arm-none-eabi/lib/thumb/v7e-m+fp/hard/libg_nano.a(lib_a-mlock.o)
                0x0000000000005f1c                __malloc_lock
 .text.__malloc_unlock
                0x0000000000005f28        0xc /home/pulkit/qorc-sdk/arm_toolchain_install/gcc-arm-none-eabi-9-2020-q2-update/bin/../lib/gcc/arm-none-eabi/9.3.1/../../../../arm-none-eabi/lib/thumb/v7e-m+fp/hard/libg_nano.a(lib_a-mlock.o)
                0x0000000000005f28                __malloc_unlock
 .text.__ssputs_r
                0x0000000000005f34       0xb6 /home/pulkit/qorc-sdk/arm_toolchain_install/gcc-arm-none-eabi-9-2020-q2-update/bin/../lib/gcc/arm-none-eabi/9.3.1/../../../../arm-none-eabi/lib/thumb/v7e-m+fp/hard/libg_nano.a(lib_a-nano-svfprintf.o)
                0x0000000000005f34                __ssputs_r
 *fill*         0x0000000000005fea        0x2 
 .text._svfprintf_r
                0x0000000000005fec      0x200 /home/pulkit/qorc-sdk/arm_toolchain_install/gcc-arm-none-eabi-9-2020-q2-update/bin/../lib/gcc/arm-none-eabi/9.3.1/../../../../arm-none-eabi/lib/thumb/v7e-m+fp/hard/libg_nano.a(lib_a-nano-svfprintf.o)
                0x0000000000005fec                _svfprintf_r
                0x0000000000005fec                _svfiprintf_r
 .text.__sfputc_r
                0x00000000000061ec       0x2e /home/pulkit/qorc-sdk/arm_toolchain_install/gcc-arm-none-eabi-9-2020-q2-update/bin/../lib/gcc/arm-none-eabi/9.3.1/../../../../arm-none-eabi/lib/thumb/v7e-m+fp/hard/libg_nano.a(lib_a-nano-vfprintf.o)
 .text.__sfputs_r
                0x000000000000621a       0x24 /home/pulkit/qorc-sdk/arm_toolchain_install/gcc-arm-none-eabi-9-2020-q2-update/bin/../lib/gcc/arm-none-eabi/9.3.1/../../../../arm-none-eabi/lib/thumb/v7e-m+fp/hard/libg_nano.a(lib_a-nano-vfprintf.o)
                0x000000000000621a                __sfputs_r
 *fill*         0x000000000000623e        0x2 
 .text._vfprintf_r
                0x0000000000006240      0x260 /home/pulkit/qorc-sdk/arm_toolchain_install/gcc-arm-none-eabi-9-2020-q2-update/bin/../lib/gcc/arm-none-eabi/9.3.1/../../../../arm-none-eabi/lib/thumb/v7e-m+fp/hard/libg_nano.a(lib_a-nano-vfprintf.o)
                0x0000000000006240                _vfiprintf_r
                0x0000000000006240                _vfprintf_r
 .text._printf_common
                0x00000000000064a0       0xda /home/pulkit/qorc-sdk/arm_toolchain_install/gcc-arm-none-eabi-9-2020-q2-update/bin/../lib/gcc/arm-none-eabi/9.3.1/../../../../arm-none-eabi/lib/thumb/v7e-m+fp/hard/libg_nano.a(lib_a-nano-vfprintf_i.o)
                0x00000000000064a0                _printf_common
 *fill*         0x000000000000657a        0x2 
 .text._printf_i
                0x000000000000657c      0x24c /home/pulkit/qorc-sdk/arm_toolchain_install/gcc-arm-none-eabi-9-2020-q2-update/bin/../lib/gcc/arm-none-eabi/9.3.1/../../../../arm-none-eabi/lib/thumb/v7e-m+fp/hard/libg_nano.a(lib_a-nano-vfprintf_i.o)
                0x000000000000657c                _printf_i
 .text.__sread  0x00000000000067c8       0x22 /home/pulkit/qorc-sdk/arm_toolchain_install/gcc-arm-none-eabi-9-2020-q2-update/bin/../lib/gcc/arm-none-eabi/9.3.1/../../../../arm-none-eabi/lib/thumb/v7e-m+fp/hard/libg_nano.a(lib_a-stdio.o)
                0x00000000000067c8                __sread
 .text.__swrite
                0x00000000000067ea       0x38 /home/pulkit/qorc-sdk/arm_toolchain_install/gcc-arm-none-eabi-9-2020-q2-update/bin/../lib/gcc/arm-none-eabi/9.3.1/../../../../arm-none-eabi/lib/thumb/v7e-m+fp/hard/libg_nano.a(lib_a-stdio.o)
                0x00000000000067ea                __swrite
 .text.__sseek  0x0000000000006822       0x24 /home/pulkit/qorc-sdk/arm_toolchain_install/gcc-arm-none-eabi-9-2020-q2-update/bin/../lib/gcc/arm-none-eabi/9.3.1/../../../../arm-none-eabi/lib/thumb/v7e-m+fp/hard/libg_nano.a(lib_a-stdio.o)
                0x0000000000006822                __sseek
 .text.__sclose
                0x0000000000006846        0x8 /home/pulkit/qorc-sdk/arm_toolchain_install/gcc-arm-none-eabi-9-2020-q2-update/bin/../lib/gcc/arm-none-eabi/9.3.1/../../../../arm-none-eabi/lib/thumb/v7e-m+fp/hard/libg_nano.a(lib_a-stdio.o)
                0x0000000000006846                __sclose
 *fill*         0x000000000000684e        0x2 
 .text._write_r
                0x0000000000006850       0x24 /home/pulkit/qorc-sdk/arm_toolchain_install/gcc-arm-none-eabi-9-2020-q2-update/bin/../lib/gcc/arm-none-eabi/9.3.1/../../../../arm-none-eabi/lib/thumb/v7e-m+fp/hard/libg_nano.a(lib_a-writer.o)
                0x0000000000006850                _write_r
 .text._close_r
                0x0000000000006874       0x20 /home/pulkit/qorc-sdk/arm_toolchain_install/gcc-arm-none-eabi-9-2020-q2-update/bin/../lib/gcc/arm-none-eabi/9.3.1/../../../../arm-none-eabi/lib/thumb/v7e-m+fp/hard/libg_nano.a(lib_a-closer.o)
                0x0000000000006874                _close_r
 .text._fstat_r
                0x0000000000006894       0x24 /home/pulkit/qorc-sdk/arm_toolchain_install/gcc-arm-none-eabi-9-2020-q2-update/bin/../lib/gcc/arm-none-eabi/9.3.1/../../../../arm-none-eabi/lib/thumb/v7e-m+fp/hard/libg_nano.a(lib_a-fstatr.o)
                0x0000000000006894                _fstat_r
 .text._isatty_r
                0x00000000000068b8       0x20 /home/pulkit/qorc-sdk/arm_toolchain_install/gcc-arm-none-eabi-9-2020-q2-update/bin/../lib/gcc/arm-none-eabi/9.3.1/../../../../arm-none-eabi/lib/thumb/v7e-m+fp/hard/libg_nano.a(lib_a-isattyr.o)
                0x00000000000068b8                _isatty_r
 .text._lseek_r
                0x00000000000068d8       0x24 /home/pulkit/qorc-sdk/arm_toolchain_install/gcc-arm-none-eabi-9-2020-q2-update/bin/../lib/gcc/arm-none-eabi/9.3.1/../../../../arm-none-eabi/lib/thumb/v7e-m+fp/hard/libg_nano.a(lib_a-lseekr.o)
                0x00000000000068d8                _lseek_r
 *fill*         0x00000000000068fc        0x4 
 .text          0x0000000000006900       0xa0 /home/pulkit/qorc-sdk/arm_toolchain_install/gcc-arm-none-eabi-9-2020-q2-update/bin/../lib/gcc/arm-none-eabi/9.3.1/../../../../arm-none-eabi/lib/thumb/v7e-m+fp/hard/libg_nano.a(lib_a-memchr.o)
                0x0000000000006900                memchr
 .text.memmove  0x00000000000069a0       0x34 /home/pulkit/qorc-sdk/arm_toolchain_install/gcc-arm-none-eabi-9-2020-q2-update/bin/../lib/gcc/arm-none-eabi/9.3.1/../../../../arm-none-eabi/lib/thumb/v7e-m+fp/hard/libg_nano.a(lib_a-memmove.o)
                0x00000000000069a0                memmove
 .text._realloc_r
                0x00000000000069d4       0x4c /home/pulkit/qorc-sdk/arm_toolchain_install/gcc-arm-none-eabi-9-2020-q2-update/bin/../lib/gcc/arm-none-eabi/9.3.1/../../../../arm-none-eabi/lib/thumb/v7e-m+fp/hard/libg_nano.a(lib_a-nano-reallocr.o)
                0x00000000000069d4                _realloc_r
 .text._read_r  0x0000000000006a20       0x24 /home/pulkit/qorc-sdk/arm_toolchain_install/gcc-arm-none-eabi-9-2020-q2-update/bin/../lib/gcc/arm-none-eabi/9.3.1/../../../../arm-none-eabi/lib/thumb/v7e-m+fp/hard/libg_nano.a(lib_a-readr.o)
                0x0000000000006a20                _read_r
 .text._malloc_usable_size_r
                0x0000000000006a44       0x10 /home/pulkit/qorc-sdk/arm_toolchain_install/gcc-arm-none-eabi-9-2020-q2-update/bin/../lib/gcc/arm-none-eabi/9.3.1/../../../../arm-none-eabi/lib/thumb/v7e-m+fp/hard/libg_nano.a(lib_a-nano-msizer.o)
                0x0000000000006a44                _malloc_usable_size_r
 .text._fstat   0x0000000000006a54       0x10 /home/pulkit/qorc-sdk/arm_toolchain_install/gcc-arm-none-eabi-9-2020-q2-update/bin/../lib/gcc/arm-none-eabi/9.3.1/../../../../arm-none-eabi/lib/thumb/v7e-m+fp/hard/libnosys.a(fstat.o)
                0x0000000000006a54                _fstat
 .text._isatty  0x0000000000006a64       0x10 /home/pulkit/qorc-sdk/arm_toolchain_install/gcc-arm-none-eabi-9-2020-q2-update/bin/../lib/gcc/arm-none-eabi/9.3.1/../../../../arm-none-eabi/lib/thumb/v7e-m+fp/hard/libnosys.a(isatty.o)
                0x0000000000006a64                _isatty
 .text._sbrk    0x0000000000006a74       0x1c /home/pulkit/qorc-sdk/arm_toolchain_install/gcc-arm-none-eabi-9-2020-q2-update/bin/../lib/gcc/arm-none-eabi/9.3.1/../../../../arm-none-eabi/lib/thumb/v7e-m+fp/hard/libnosys.a(sbrk.o)
                0x0000000000006a74                _sbrk
 .text._exit    0x0000000000006a90        0x4 /home/pulkit/qorc-sdk/arm_toolchain_install/gcc-arm-none-eabi-9-2020-q2-update/bin/../lib/gcc/arm-none-eabi/9.3.1/../../../../arm-none-eabi/lib/thumb/v7e-m+fp/hard/libnosys.a(_exit.o)
                0x0000000000006a90                _exit
 *(.init)
 .init          0x0000000000006a94        0x4 /home/pulkit/qorc-sdk/arm_toolchain_install/gcc-arm-none-eabi-9-2020-q2-update/bin/../lib/gcc/arm-none-eabi/9.3.1/thumb/v7e-m+fp/hard/crti.o
                0x0000000000006a94                _init
 .init          0x0000000000006a98        0x8 /home/pulkit/qorc-sdk/arm_toolchain_install/gcc-arm-none-eabi-9-2020-q2-update/bin/../lib/gcc/arm-none-eabi/9.3.1/thumb/v7e-m+fp/hard/crtn.o
 *(.fini)
 .fini          0x0000000000006aa0        0x4 /home/pulkit/qorc-sdk/arm_toolchain_install/gcc-arm-none-eabi-9-2020-q2-update/bin/../lib/gcc/arm-none-eabi/9.3.1/thumb/v7e-m+fp/hard/crti.o
                0x0000000000006aa0                _fini
 .fini          0x0000000000006aa4        0x8 /home/pulkit/qorc-sdk/arm_toolchain_install/gcc-arm-none-eabi-9-2020-q2-update/bin/../lib/gcc/arm-none-eabi/9.3.1/thumb/v7e-m+fp/hard/crtn.o
 *crtbegin.o(.ctors)
 *crtbegin?.o(.ctors)
 *(EXCLUDE_FILE(*crtend.o *crtend?.o) .ctors)
 *(SORT_BY_NAME(.ctors.*))
 *(.ctors)
 *crtbegin.o(.dtors)
 *crtbegin?.o(.dtors)
 *(EXCLUDE_FILE(*crtend.o *crtend?.o) .dtors)
 *(SORT_BY_NAME(.dtors.*))
 *(.dtors)
 *(.rodata*)
 .rodata.CLI_string_ptr_get_subcmd.str1.1
                0x0000000000006aac        0xc /home/pulkit/qorc-sdk/qf_apps/Assignment6/GCC_Project/output/cli_args.o
 .rodata.CLI_numX_getshow_X.str1.1
                0x0000000000006ab8       0x23 /home/pulkit/qorc-sdk/qf_apps/Assignment6/GCC_Project/output/cli_args.o
 .rodata.handle_help.str1.1
                0x0000000000006adb       0x2e /home/pulkit/qorc-sdk/qf_apps/Assignment6/GCC_Project/output/cli_loop.o
                                         0x33 (size before relaxing)
 .rodata.CLI_cmd_stack_push.str1.1
                0x0000000000006b09       0x1a /home/pulkit/qorc-sdk/qf_apps/Assignment6/GCC_Project/output/cli_loop.o
 .rodata.CLI_cmd_stack_pop.str1.1
                0x0000000000006b23       0x16 /home/pulkit/qorc-sdk/qf_apps/Assignment6/GCC_Project/output/cli_loop.o
 .rodata.handle_exit.str1.1
                0x0000000000006b39        0xa /home/pulkit/qorc-sdk/qf_apps/Assignment6/GCC_Project/output/cli_loop.o
 .rodata.CLI_print_prompt.str1.1
                0x0000000000006b43        0xd /home/pulkit/qorc-sdk/qf_apps/Assignment6/GCC_Project/output/cli_loop.o
 .rodata.CLI_dispatch_subcmd.str1.1
                0x0000000000006b50       0x2a /home/pulkit/qorc-sdk/qf_apps/Assignment6/GCC_Project/output/cli_loop.o
 .rodata.CLI_dispatch.str1.1
                0x0000000000006b7a       0x21 /home/pulkit/qorc-sdk/qf_apps/Assignment6/GCC_Project/output/cli_loop.o
 .rodata.CLI_verror.str1.1
                0x0000000000006b9b        0x8 /home/pulkit/qorc-sdk/qf_apps/Assignment6/GCC_Project/output/cli_loop.o
 .rodata.CLI_rx_byte.str1.1
                0x0000000000006ba3        0x9 /home/pulkit/qorc-sdk/qf_apps/Assignment6/GCC_Project/output/cli_loop.o
 .rodata.str1.1
                0x0000000000006bac       0x21 /home/pulkit/qorc-sdk/qf_apps/Assignment6/GCC_Project/output/cli_loop.o
                                         0x26 (size before relaxing)
 .rodata._backspace.7318
                0x0000000000006bcd        0x4 /home/pulkit/qorc-sdk/qf_apps/Assignment6/GCC_Project/output/cli_loop.o
 *fill*         0x0000000000006bd1        0x3 
 .rodata.std_cmds
                0x0000000000006bd4       0x40 /home/pulkit/qorc-sdk/qf_apps/Assignment6/GCC_Project/output/cli_loop.o
 .rodata.CLI_error_missing_parameter.str1.1
                0x0000000000006c14        0xd /home/pulkit/qorc-sdk/qf_apps/Assignment6/GCC_Project/output/cli_misc.o
 .rodata.CLI_error_not_a_number.str1.1
                0x0000000000006c21       0x17 /home/pulkit/qorc-sdk/qf_apps/Assignment6/GCC_Project/output/cli_misc.o
 .rodata.CLI_task.str1.1
                0x0000000000006c38       0x42 /home/pulkit/qorc-sdk/qf_apps/Assignment6/GCC_Project/output/cli_platform.o
 .rodata.CLI_start_task.str1.1
                0x0000000000006c7a       0x64 /home/pulkit/qorc-sdk/qf_apps/Assignment6/GCC_Project/output/cli_platform.o
 .rodata.dbg_str.str1.1
                0x0000000000006cde        0x3 /home/pulkit/qorc-sdk/qf_apps/Assignment6/GCC_Project/output/dbg_uart.o
 .rodata._colon_tt.8573
                0x0000000000006ce1        0x4 /home/pulkit/qorc-sdk/qf_apps/Assignment6/GCC_Project/output/dbg_uart.o
 .rodata.HAL_PAD_Config.str1.1
                0x0000000000006ce5       0x5e /home/pulkit/qorc-sdk/qf_apps/Assignment6/GCC_Project/output/eoss3_hal_pad_config.o
 .rodata.IO_INPUT_PAD_SEL
                0x0000000000006d43       0x10 /home/pulkit/qorc-sdk/qf_apps/Assignment6/GCC_Project/output/eoss3_hal_pad_config.o
                0x0000000000006d43                IO_INPUT_PAD_SEL
 .rodata.SEL_EXT_PAD_REGS
                0x0000000000006d53      0x160 /home/pulkit/qorc-sdk/qf_apps/Assignment6/GCC_Project/output/eoss3_hal_pad_config.o
                0x0000000000006d53                SEL_EXT_PAD_REGS
 .rodata.unlock_spi1_bus.str1.1
                0x0000000000006eb3       0x36 /home/pulkit/qorc-sdk/qf_apps/Assignment6/GCC_Project/output/eoss3_hal_spi.o
 .rodata.SendEventToTimerThread.str1.1
                0x0000000000006ee9       0x82 /home/pulkit/qorc-sdk/qf_apps/Assignment6/GCC_Project/output/eoss3_hal_timer.o
 .rodata.HAL_Timer_ISR.str1.1
                0x0000000000006f6b       0x20 /home/pulkit/qorc-sdk/qf_apps/Assignment6/GCC_Project/output/eoss3_hal_timer.o
 .rodata.__FUNCTION__.9334
                0x0000000000006f8b        0xe /home/pulkit/qorc-sdk/qf_apps/Assignment6/GCC_Project/output/eoss3_hal_timer.o
 .rodata.uart_init.str1.1
                0x0000000000006f99        0xc /home/pulkit/qorc-sdk/qf_apps/Assignment6/GCC_Project/output/eoss3_hal_uart.o
 *fill*         0x0000000000006fa5        0x3 
 .rodata.CSWTCH.25
                0x0000000000006fa8       0x28 /home/pulkit/qorc-sdk/qf_apps/Assignment6/GCC_Project/output/eoss3_hal_uart.o
 .rodata.WDT_ISR.str1.1
                0x0000000000006fd0       0x4d /home/pulkit/qorc-sdk/qf_apps/Assignment6/GCC_Project/output/eoss3_hal_wdt.o
 .rodata.__FUNCTION__.8698
                0x000000000000701d        0x8 /home/pulkit/qorc-sdk/qf_apps/Assignment6/GCC_Project/output/eoss3_hal_wdt.o
 .rodata.spurious_interrupt.str1.1
                0x0000000000007025        0xd /home/pulkit/qorc-sdk/qf_apps/Assignment6/GCC_Project/output/exceptions.o
 .rodata.prvGetRegistersFromStack.str1.1
                0x0000000000007032       0x41 /home/pulkit/qorc-sdk/qf_apps/Assignment6/GCC_Project/output/exceptions.o
                                         0x44 (size before relaxing)
 .rodata.vApplicationMallocFailedHook.str1.1
                0x0000000000007073       0x20 /home/pulkit/qorc-sdk/qf_apps/Assignment6/GCC_Project/output/exceptions.o
 .rodata.vApplicationStackOverflowHook.str1.1
                0x0000000000007093       0x21 /home/pulkit/qorc-sdk/qf_apps/Assignment6/GCC_Project/output/exceptions.o
 .rodata.pvPortMalloc.str1.1
                0x00000000000070b4       0x62 /home/pulkit/qorc-sdk/qf_apps/Assignment6/GCC_Project/output/heap_4.o
 .rodata.vPortFree.str1.1
                0x0000000000007116       0x35 /home/pulkit/qorc-sdk/qf_apps/Assignment6/GCC_Project/output/heap_4.o
 .rodata.main.str1.1
                0x000000000000714b       0xcb /home/pulkit/qorc-sdk/qf_apps/Assignment6/GCC_Project/output/main.o
                                         0xd0 (size before relaxing)
 .rodata.set_gpio_input.str1.1